model latency median 694 ms -> budget 1.36 calls/s; cap 10.0 nats; 15 simulated minutes; seeds [0, 1, 2, 3, 4, 5, 6, 7, 8, 9]

N = 300: 1.6 decisions/s needed for every decision to be the model's (86% servable);  reference t50 183, inside 16, w1 0
  policy           worst/cap  over-cap   drift/agent-h  steady  in view   model share  calls/s  waits/agent-h  forced      t50   inside       w1  coverage  overflow
  parity              0.97x     0.00%         18.99   21.27     20.29         0.27     1.02         405.1     0.0      204        2       41   100.0%    0.00%
  parity/reh 0.2      0.93x     0.00%         18.31    5.83     17.10         0.20     1.00         326.2     0.0      168        1       38   100.0%    0.00%
  parity_nocap        1.89x     0.17%         18.38   16.76     12.86         0.28     0.67           0.0     0.0      172        3       38   100.0%    0.32%
  parity/wait 0 reh     1.33x     0.00%         17.36    4.15     13.50         0.21     0.72           0.0     0.9      178       12       42   100.0%    0.02%
  parity/wait 5 reh     0.96x     0.00%         16.84    4.27     13.81         0.21     0.76           6.6     1.1      184       14       45   100.0%    0.00%
  parity/wait 15 reh     0.93x     0.00%         17.48    4.92     15.41         0.21     0.77          22.9     1.0      173        7       44   100.0%    0.00%
  cascade             2.58x     0.86%         21.47   21.68     32.52         0.28     0.68           0.0     0.0      180        6       53   100.0%    1.62%
  cascade/reh 0.2     1.39x     0.20%         19.83    3.01     21.38         0.21     0.70           0.0     0.0      166        5       39   100.0%    0.25%
  view_lod            3.33x     0.44%         21.91   21.45     10.40         0.29     0.68           0.0     0.0      173        0       49   100.0%    0.71%
  round_robin         2.05x     0.23%         19.92   22.12     28.11         0.28     0.69           0.0     0.0      172        1       48   100.0%    0.39%
  surrogate_only     12.98x    34.74%        154.77  249.27    184.03         0.00     0.00           0.0     0.0      377      116      138   100.0%   45.44%
  over 10 seeds, mean +- 95% CI:  worst/cap | drift/agent-h | steady | in view | overflow % | t50 | inside | w1
  parity            0.79 +- 0.06 |  18.99 +- 1.35 |  21.27 +- 8.89 |  20.29 +- 4.29 |   0.00 +- 0.00 | 203.60 +- 43.95 |   2.20 +- 2.26 |  40.77 +- 21.51
  parity/reh 0.2    0.76 +- 0.07 |  18.31 +- 1.55 |   5.83 +- 1.86 |  17.10 +- 3.61 |   0.00 +- 0.00 | 167.80 +- 3.92 |   1.30 +- 2.48 |  37.70 +- 23.11
  parity_nocap      1.26 +- 0.21 |  18.38 +- 1.36 |  16.76 +- 9.74 |  12.86 +- 2.77 |   0.32 +- 0.25 | 171.70 +- 4.91 |   3.20 +- 4.72 |  37.89 +- 17.41
  parity/wait 0 reh   0.78 +- 0.16 |  17.36 +- 1.42 |   4.15 +- 2.21 |  13.50 +- 2.80 |   0.02 +- 0.04 | 177.50 +- 15.90 |  11.90 +- 10.36 |  42.10 +- 24.15
  parity/wait 5 reh   0.76 +- 0.09 |  16.84 +- 1.55 |   4.27 +- 2.52 |  13.81 +- 3.68 |   0.00 +- 0.00 | 184.30 +- 20.83 |  13.90 +- 12.63 |  45.37 +- 25.06
  parity/wait 15 reh   0.76 +- 0.07 |  17.48 +- 1.42 |   4.92 +- 2.64 |  15.41 +- 3.62 |   0.00 +- 0.00 | 172.90 +- 10.46 |   7.20 +- 8.64 |  44.11 +- 23.79
  cascade           1.73 +- 0.32 |  21.47 +- 2.33 |  21.68 +- 10.17 |  32.52 +- 6.84 |   1.62 +- 1.00 | 180.20 +- 9.81 |   6.00 +- 7.77 |  53.03 +- 22.12
  cascade/reh 0.2   1.11 +- 0.16 |  19.83 +- 2.82 |   3.01 +- 1.35 |  21.38 +- 5.98 |   0.25 +- 0.25 | 166.10 +- 1.41 |   5.20 +- 6.36 |  39.47 +- 11.40
  view_lod          1.74 +- 0.47 |  21.91 +- 2.24 |  21.45 +- 10.55 |  10.40 +- 2.51 |   0.71 +- 0.37 | 173.10 +- 4.34 |   0.00 +- 0.00 |  48.82 +- 20.12
  round_robin       1.34 +- 0.32 |  19.92 +- 2.08 |  22.12 +- 9.01 |  28.11 +- 2.85 |   0.39 +- 0.25 | 171.50 +- 4.85 |   1.20 +- 2.71 |  48.32 +- 21.90
  surrogate_only    9.36 +- 1.51 | 154.77 +- 15.54 | 249.27 +- 22.94 | 184.03 +- 18.28 |  45.44 +- 6.27 |    nan +-  nan | 116.00 +- 25.05 | 137.95 +- 46.66
  parity minus each, paired (mean +- 95% CI, Wilcoxon p, seeds parity lower):
    vs parity/reh 0.2 drift +0.68 +- 2.02 (p 0.625, 4/10); steady +15.43 +- 8.89 (p 0.002, 0/10); in view +3.19 +- 4.55 (p 0.232, 4/10); worst +0.29 +- 0.81 (p 0.375, 3/10); evac W1 +3.07 +- 20.14 (p 0.625, 4/10)
    vs parity_nocap  drift +0.61 +- 1.96 (p 0.432, 3/10); steady +4.51 +- 3.31 (p 0.020, 1/10); in view +7.44 +- 4.57 (p 0.006, 1/10); worst -4.71 +- 2.42 (p 0.002, 10/10); evac W1 +2.88 +- 16.73 (p 1.000, 5/10)
    vs parity/wait 0 reh drift +1.63 +- 2.11 (p 0.160, 3/10); steady +17.12 +- 9.82 (p 0.002, 0/10); in view +6.80 +- 5.75 (p 0.027, 2/10); worst +0.03 +- 1.72 (p 0.432, 2/10); evac W1 -1.33 +- 31.54 (p 0.770, 6/10)
    vs parity/wait 5 reh drift +2.16 +- 2.12 (p 0.084, 2/10); steady +17.00 +- 9.18 (p 0.002, 0/10); in view +6.49 +- 4.87 (p 0.020, 2/10); worst +0.22 +- 1.05 (p 0.695, 3/10); evac W1 -4.60 +- 27.51 (p 0.846, 5/10)
    vs parity/wait 15 reh drift +1.52 +- 1.87 (p 0.131, 3/10); steady +16.35 +- 9.27 (p 0.002, 0/10); in view +4.88 +- 4.57 (p 0.049, 3/10); worst +0.28 +- 0.73 (p 0.625, 5/10); evac W1 -3.34 +- 23.40 (p 0.695, 5/10)
    vs cascade       drift -2.47 +- 2.31 (p 0.049, 8/10); steady -0.41 +- 9.32 (p 1.000, 4/10); in view -12.22 +- 6.89 (p 0.002, 10/10); worst -9.44 +- 2.95 (p 0.002, 10/10); evac W1 -12.26 +- 19.34 (p 0.064, 8/10)
    vs cascade/reh 0.2 drift -0.83 +- 2.99 (p 0.557, 6/10); steady +18.26 +- 9.61 (p 0.002, 0/10); in view -1.08 +- 7.16 (p 0.846, 4/10); worst -3.24 +- 1.63 (p 0.002, 10/10); evac W1 +1.30 +- 20.08 (p 0.846, 5/10)
    vs view_lod      drift -2.91 +- 2.47 (p 0.014, 8/10); steady -0.18 +- 9.98 (p 0.922, 5/10); in view +9.89 +- 5.01 (p 0.004, 1/10); worst -9.52 +- 4.89 (p 0.002, 10/10); evac W1 -8.05 +- 14.84 (p 0.375, 6/10)
    vs round_robin   drift -0.93 +- 2.96 (p 0.432, 6/10); steady -0.85 +- 10.78 (p 0.846, 4/10); in view -7.82 +- 5.73 (p 0.020, 8/10); worst -5.52 +- 2.88 (p 0.002, 10/10); evac W1 -7.55 +- 16.63 (p 0.557, 5/10)
    vs surrogate_only drift -135.77 +- 16.15 (p 0.002, 10/10); steady -228.00 +- 19.18 (p 0.002, 10/10); in view -163.74 +- 19.70 (p 0.002, 10/10); worst -85.75 +- 15.09 (p 0.002, 10/10); evac W1 -97.18 +- 55.05 (p 0.004, 9/10)

N = 1000: 5.7 decisions/s needed for every decision to be the model's (24% servable);  reference t50 175, inside 0, w1 0
  policy           worst/cap  over-cap   drift/agent-h  steady  in view   model share  calls/s  waits/agent-h  forced      t50   inside       w1  coverage  overflow
  parity              0.88x     0.00%         11.88    8.81     10.22         0.07     2.13        1531.6     0.0      207      526      172   100.0%    0.00%
  parity/reh 0.2      0.80x     0.00%         12.34    2.59      7.52         0.05     2.37        1856.9     0.0      197      562      206   100.0%    0.00%
  parity_nocap        3.89x     0.90%         25.10   34.98     24.64         0.09     0.77           0.0     0.0      174        7       21   100.0%    1.21%
  parity/wait 0 reh     1.48x     0.03%         20.40    5.02     17.08         0.06     0.77           0.0     3.1      170       31       34   100.0%    0.02%
  parity/wait 5 reh     2.00x     0.36%         26.10   10.29     29.95         0.05     1.29          37.8     7.4      167        0       25   100.0%    0.35%
  parity/wait 15 reh     1.57x     0.16%         24.82   10.22     28.97         0.05     1.31         102.6     6.5      167        0       24   100.0%    0.21%
  cascade             4.78x     1.04%         28.11   41.73     39.41         0.09     0.80           0.0     0.0      177        0       22   100.0%    1.91%
  cascade/reh 0.2     2.52x     0.19%         22.08    7.38     26.43         0.06     0.76           0.0     0.0      171        9       28   100.0%    0.18%
  view_lod            3.55x     1.49%         27.56   33.16     21.13         0.09     0.77           0.0     0.0      176        0       14   100.0%    2.06%
  round_robin         2.88x     0.67%         24.34   34.74     32.49         0.09     0.77           0.0     0.0      175        0       20   100.0%    1.03%
  surrogate_only     17.19x    31.61%        141.21  239.17    156.02         0.00     0.00           0.0     0.0      339      325      146   100.0%   42.18%
  over 10 seeds, mean +- 95% CI:  worst/cap | drift/agent-h | steady | in view | overflow % | t50 | inside | w1
  parity            0.79 +- 0.04 |  11.88 +- 1.72 |   8.81 +- 3.67 |  10.22 +- 3.02 |   0.00 +- 0.00 |    nan +-  nan | 525.70 +- 129.64 | 171.51 +- 55.07
  parity/reh 0.2    0.68 +- 0.07 |  12.34 +- 1.39 |   2.59 +- 2.09 |   7.52 +- 1.21 |   0.00 +- 0.00 |    nan +-  nan | 562.10 +- 198.63 | 205.95 +- 70.26
  parity_nocap      2.23 +- 0.62 |  25.10 +- 1.40 |  34.98 +- 9.58 |  24.64 +- 2.79 |   1.21 +- 0.77 | 173.80 +- 3.25 |   6.80 +- 15.38 |  21.00 +- 10.73
  parity/wait 0 reh   0.99 +- 0.15 |  20.40 +- 1.51 |   5.02 +- 3.06 |  17.08 +- 1.81 |   0.02 +- 0.02 | 169.90 +- 4.69 |  30.80 +- 23.85 |  33.90 +- 14.69
  parity/wait 5 reh   1.38 +- 0.26 |  26.10 +- 3.13 |  10.29 +- 2.43 |  29.95 +- 6.43 |   0.35 +- 0.29 | 166.70 +- 1.17 |   0.00 +- 0.00 |  24.83 +- 7.27
  parity/wait 15 reh   1.13 +- 0.21 |  24.82 +- 3.44 |  10.22 +- 3.83 |  28.97 +- 7.99 |   0.21 +- 0.15 | 166.70 +- 1.17 |   0.00 +- 0.00 |  24.00 +- 9.81
  cascade           2.92 +- 0.66 |  28.11 +- 2.10 |  41.73 +- 5.49 |  39.41 +- 5.06 |   1.91 +- 0.61 | 177.30 +- 3.41 |   0.00 +- 0.00 |  22.04 +- 6.13
  cascade/reh 0.2   1.26 +- 0.36 |  22.08 +- 2.98 |   7.38 +- 3.05 |  26.43 +- 6.24 |   0.18 +- 0.20 | 170.70 +- 4.71 |   8.70 +- 19.68 |  27.65 +- 10.12
  view_lod          2.35 +- 0.44 |  27.56 +- 3.40 |  33.16 +- 10.33 |  21.13 +- 2.51 |   2.06 +- 1.19 | 175.70 +- 4.27 |   0.00 +- 0.00 |  13.67 +- 4.85
  round_robin       2.36 +- 0.25 |  24.34 +- 1.90 |  34.74 +- 8.61 |  32.49 +- 2.74 |   1.03 +- 0.48 | 175.30 +- 4.21 |   0.00 +- 0.00 |  19.56 +- 5.63
  surrogate_only   10.24 +- 2.68 | 141.21 +- 10.87 | 239.17 +- 17.59 | 156.02 +- 12.24 |  42.18 +- 3.29 | 339.30 +- 44.23 | 324.90 +- 44.13 | 146.39 +- 22.29
  parity minus each, paired (mean +- 95% CI, Wilcoxon p, seeds parity lower):
    vs parity/reh 0.2 drift -0.46 +- 2.02 (p 0.625, 5/10); steady +6.22 +- 4.09 (p 0.027, 3/10); in view +2.71 +- 3.08 (p 0.105, 3/10); worst +1.03 +- 0.76 (p 0.010, 2/10); evac W1 -34.43 +- 89.29 (p 0.492, 6/10)
    vs parity_nocap  drift -13.22 +- 2.02 (p 0.002, 10/10); steady -26.17 +- 8.82 (p 0.004, 9/10); in view -14.42 +- 2.47 (p 0.002, 10/10); worst -14.49 +- 5.88 (p 0.002, 10/10); evac W1 +150.51 +- 49.94 (p 0.002, 0/10)
    vs parity/wait 0 reh drift -8.52 +- 2.61 (p 0.002, 10/10); steady +3.78 +- 4.14 (p 0.084, 4/10); in view -6.86 +- 3.01 (p 0.002, 10/10); worst -2.05 +- 1.60 (p 0.004, 9/10); evac W1 +137.61 +- 50.39 (p 0.002, 0/10)
    vs parity/wait 5 reh drift -14.22 +- 3.53 (p 0.002, 10/10); steady -1.48 +- 2.97 (p 0.375, 6/10); in view -19.72 +- 6.35 (p 0.002, 10/10); worst -5.96 +- 2.55 (p 0.002, 10/10); evac W1 +146.68 +- 56.37 (p 0.002, 0/10)
    vs parity/wait 15 reh drift -12.95 +- 3.81 (p 0.002, 10/10); steady -1.42 +- 3.02 (p 0.275, 7/10); in view -18.75 +- 7.71 (p 0.004, 9/10); worst -3.41 +- 2.03 (p 0.014, 8/10); evac W1 +147.52 +- 60.48 (p 0.002, 0/10)
    vs cascade       drift -16.24 +- 1.98 (p 0.002, 10/10); steady -32.92 +- 6.19 (p 0.002, 10/10); in view -29.19 +- 5.15 (p 0.002, 10/10); worst -21.30 +- 6.73 (p 0.002, 10/10); evac W1 +149.48 +- 57.72 (p 0.002, 0/10)
    vs cascade/reh 0.2 drift -10.21 +- 2.58 (p 0.002, 10/10); steady +1.43 +- 5.18 (p 0.557, 4/10); in view -16.21 +- 4.73 (p 0.002, 10/10); worst -4.79 +- 3.48 (p 0.004, 9/10); evac W1 +143.87 +- 49.20 (p 0.002, 0/10)
    vs view_lod      drift -15.69 +- 3.26 (p 0.002, 10/10); steady -24.35 +- 10.04 (p 0.002, 10/10); in view -10.90 +- 3.48 (p 0.002, 10/10); worst -15.67 +- 4.58 (p 0.002, 10/10); evac W1 +157.85 +- 52.39 (p 0.002, 0/10)
    vs round_robin   drift -12.47 +- 1.93 (p 0.002, 10/10); steady -25.93 +- 9.67 (p 0.002, 10/10); in view -22.26 +- 3.30 (p 0.002, 10/10); worst -15.72 +- 2.57 (p 0.002, 10/10); evac W1 +151.95 +- 53.51 (p 0.002, 0/10)
    vs surrogate_only drift -129.33 +- 10.59 (p 0.002, 10/10); steady -230.36 +- 16.30 (p 0.002, 10/10); in view -145.80 +- 10.91 (p 0.002, 10/10); worst -94.50 +- 26.87 (p 0.002, 10/10); evac W1 +25.13 +- 55.99 (p 0.492, 4/10)

N = 2000: 11.5 decisions/s needed for every decision to be the model's (12% servable);  reference t50 174, inside 0, w1 0
  policy           worst/cap  over-cap   drift/agent-h  steady  in view   model share  calls/s  waits/agent-h  forced      t50   inside       w1  coverage  overflow
  parity              0.88x     0.00%         12.26    8.47      9.57         0.03     3.16        1435.5     0.0      206      936      157   100.0%    0.00%
  parity/reh 0.2      0.82x     0.00%         13.76    5.26      8.90         0.03     3.10        1010.2     0.0      200      496       85   100.0%    0.00%
  parity_nocap        5.49x     1.41%         27.91   45.86     30.54         0.04     0.83           0.0     0.0      176        0       15   100.0%    2.02%
  parity/wait 0 reh     1.24x     0.01%         19.14   12.43     17.63         0.03     0.79           0.0     2.9      171        0       22   100.0%    0.02%
  parity/wait 5 reh     2.60x     0.58%         21.90   16.04     24.10         0.03     1.54          29.4     5.8      172        0       23   100.0%    0.64%
  parity/wait 15 reh     2.22x     0.19%         19.85   12.06     20.32         0.03     1.81          77.0     4.9      171        0       21   100.0%    0.22%
  cascade             3.84x     2.36%         31.65   46.55     45.22         0.05     0.83           0.0     0.0      181        0       19   100.0%    3.96%
  cascade/reh 0.2     1.97x     0.71%         23.75    8.52     29.60         0.03     0.77           0.0     0.0      172       23       27   100.0%    0.67%
  view_lod            3.97x     1.78%         28.64   33.05     24.20         0.05     0.80           0.0     0.0      175        8       18   100.0%    2.40%
  round_robin         4.15x     0.88%         25.43   41.25     34.47         0.05     0.82           0.0     0.0      180        0       23   100.0%    1.43%
  surrogate_only     15.60x    32.79%        146.07  242.33    167.64         0.00     0.00           0.0     0.0      420      808      181   100.0%   46.90%
  over 10 seeds, mean +- 95% CI:  worst/cap | drift/agent-h | steady | in view | overflow % | t50 | inside | w1
  parity            0.82 +- 0.03 |  12.26 +- 2.81 |   8.47 +- 3.87 |   9.57 +- 2.87 |   0.00 +- 0.00 |    nan +-  nan | 936.50 +- 371.63 | 157.01 +- 72.59
  parity/reh 0.2    0.64 +- 0.07 |  13.76 +- 1.71 |   5.26 +- 1.96 |   8.90 +- 1.40 |   0.00 +- 0.00 |    nan +-  nan | 495.60 +- 400.30 |  85.18 +- 76.34
  parity_nocap      2.56 +- 0.81 |  27.91 +- 2.15 |  45.86 +- 3.93 |  30.54 +- 2.97 |   2.02 +- 0.80 | 176.50 +- 2.06 |   0.00 +- 0.00 |  15.07 +- 4.07
  parity/wait 0 reh   1.02 +- 0.10 |  19.14 +- 2.01 |  12.43 +- 3.58 |  17.63 +- 2.51 |   0.02 +- 0.01 | 170.70 +- 2.24 |   0.30 +- 0.68 |  22.05 +- 5.34
  parity/wait 5 reh   1.34 +- 0.47 |  21.90 +- 5.47 |  16.04 +- 4.19 |  24.10 +- 11.54 |   0.64 +- 0.83 | 171.50 +- 2.66 |   0.00 +- 0.00 |  23.39 +- 6.98
  parity/wait 15 reh   1.13 +- 0.42 |  19.85 +- 5.22 |  12.06 +- 3.29 |  20.32 +- 10.89 |   0.22 +- 0.40 | 171.40 +- 2.57 |   0.00 +- 0.00 |  21.36 +- 6.82
  cascade           2.61 +- 0.42 |  31.65 +- 4.54 |  46.55 +- 5.37 |  45.22 +- 8.10 |   3.96 +- 2.36 | 180.60 +- 5.56 |   0.00 +- 0.00 |  18.87 +- 3.57
  cascade/reh 0.2   1.42 +- 0.23 |  23.75 +- 2.31 |   8.52 +- 3.43 |  29.60 +- 5.36 |   0.67 +- 0.66 | 172.20 +- 7.08 |  22.60 +- 43.68 |  26.60 +- 12.68
  view_lod          2.67 +- 0.40 |  28.64 +- 2.75 |  33.05 +- 10.26 |  24.20 +- 2.20 |   2.40 +- 0.75 | 175.00 +- 4.72 |   8.20 +- 18.55 |  17.83 +- 7.98
  round_robin       2.66 +- 0.50 |  25.43 +- 1.64 |  41.25 +- 3.31 |  34.47 +- 1.71 |   1.43 +- 0.38 | 179.90 +- 2.20 |   0.00 +- 0.00 |  22.59 +- 3.19
  surrogate_only   10.24 +- 1.76 | 146.07 +- 12.51 | 242.33 +- 17.80 | 167.64 +- 19.38 |  46.90 +- 3.72 |    nan +-  nan | 807.60 +- 102.50 | 181.04 +- 21.52
  parity minus each, paired (mean +- 95% CI, Wilcoxon p, seeds parity lower):
    vs parity/reh 0.2 drift -1.50 +- 1.97 (p 0.131, 7/10); steady +3.21 +- 2.45 (p 0.014, 2/10); in view +0.67 +- 1.87 (p 0.432, 3/10); worst +1.80 +- 0.86 (p 0.004, 1/10); evac W1 +71.82 +- 49.67 (p 0.014, 1/10)
    vs parity_nocap  drift -15.64 +- 3.36 (p 0.002, 10/10); steady -37.39 +- 5.93 (p 0.002, 10/10); in view -20.97 +- 4.90 (p 0.002, 10/10); worst -17.40 +- 7.92 (p 0.002, 10/10); evac W1 +141.93 +- 69.97 (p 0.002, 0/10)
    vs parity/wait 0 reh drift -6.88 +- 3.92 (p 0.002, 10/10); steady -3.95 +- 2.03 (p 0.010, 8/10); in view -8.06 +- 4.85 (p 0.002, 10/10); worst -2.02 +- 0.97 (p 0.004, 9/10); evac W1 +134.95 +- 75.15 (p 0.002, 0/10)
    vs parity/wait 5 reh drift -9.64 +- 7.63 (p 0.002, 10/10); steady -7.57 +- 6.58 (p 0.037, 7/10); in view -14.53 +- 14.05 (p 0.002, 10/10); worst -5.24 +- 4.68 (p 0.037, 8/10); evac W1 +133.62 +- 71.01 (p 0.002, 0/10)
    vs parity/wait 15 reh drift -7.59 +- 7.27 (p 0.010, 8/10); steady -3.58 +- 6.30 (p 0.322, 6/10); in view -10.75 +- 13.38 (p 0.020, 9/10); worst -3.13 +- 4.11 (p 0.105, 7/10); evac W1 +135.65 +- 67.31 (p 0.002, 0/10)
    vs cascade       drift -19.39 +- 5.94 (p 0.002, 10/10); steady -38.08 +- 5.77 (p 0.002, 10/10); in view -35.65 +- 9.36 (p 0.002, 10/10); worst -17.91 +- 4.39 (p 0.002, 10/10); evac W1 +138.14 +- 74.30 (p 0.002, 0/10)
    vs cascade/reh 0.2 drift -11.49 +- 4.12 (p 0.002, 10/10); steady -0.05 +- 4.45 (p 0.846, 6/10); in view -20.03 +- 7.10 (p 0.002, 10/10); worst -6.00 +- 2.47 (p 0.002, 10/10); evac W1 +130.40 +- 76.66 (p 0.006, 1/10)
    vs view_lod      drift -16.38 +- 3.81 (p 0.002, 10/10); steady -24.58 +- 7.51 (p 0.002, 10/10); in view -14.63 +- 3.29 (p 0.002, 10/10); worst -18.56 +- 3.93 (p 0.002, 10/10); evac W1 +139.18 +- 71.30 (p 0.002, 0/10)
    vs round_robin   drift -13.16 +- 3.16 (p 0.002, 10/10); steady -32.78 +- 5.92 (p 0.002, 10/10); in view -24.90 +- 3.24 (p 0.002, 10/10); worst -18.41 +- 4.96 (p 0.002, 10/10); evac W1 +134.41 +- 72.99 (p 0.002, 0/10)
    vs surrogate_only drift -133.80 +- 13.53 (p 0.002, 10/10); steady -233.86 +- 19.01 (p 0.002, 10/10); in view -158.07 +- 19.64 (p 0.002, 10/10); worst -94.25 +- 17.56 (p 0.002, 10/10); evac W1 -24.04 +- 77.01 (p 0.492, 6/10)
330 runs written to paper/data/museum_7b.csv (time series beside it)
