/Users/user/Documents/Sem VII Notes/CGVR (CS373IA)/EL/cgvr/bench/llm_agents.py:176: RuntimeWarning: Mean of empty slice
  f"{m('stall_per_agent_h'):13.1f}  {m('forced_per_agent_h'):6.1f}  " + "  ".join(f"{np.nanmean([r[k] for r in rs]):7.0f}" for k in outk)
model latency median 1103 ms -> budget 0.81 calls/s; cap 10.0 nats; 15 simulated minutes; seeds [0, 1, 2, 3, 4, 5, 6, 7, 8, 9]

N = 300: 2.9 decisions/s needed for every decision to be the model's (28% servable);  reference t50 220, inside 4, w1 0
  policy           worst/cap  over-cap   drift/agent-h  steady  in view   model share  calls/s  waits/agent-h  forced      t50   inside       w1  coverage  overflow
  parity              0.31x     0.00%          3.68    3.14      4.47         0.10     0.71         427.6     0.0      303       14       53   100.0%    0.00%
  parity/reh 0.2      0.29x     0.00%          3.64    3.41      4.55         0.08     0.82         655.0     0.0      326       28       70   100.0%    0.00%
  parity_nocap        0.36x     0.00%          3.97    2.85      4.57         0.16     0.54           0.0     0.0      245       24       40   100.0%    0.00%
  parity/wait 5 reh     0.40x     0.00%          4.68    5.10      6.81         0.08     0.65          40.5     7.5      247       12       28   100.0%    0.00%
  cascade             0.49x     0.00%          4.48    3.33      5.49         0.15     0.53           0.0     0.0      246       27       43   100.0%    0.00%
  cascade/reh 0.2     0.50x     0.00%          4.81    4.64      7.22         0.12     0.60           0.0     0.0      248       21       38   100.0%    0.00%
  view_lod            0.92x     0.00%          5.67    7.79      6.23         0.15     0.57           0.0     0.0      226        5       22   100.0%    0.00%
  round_robin         0.41x     0.00%          4.43    3.43      5.68         0.16     0.54           0.0     0.0      246       22       39   100.0%    0.00%
  surrogate_only      2.34x     1.03%         19.73   26.34     31.23         0.00     0.00           0.0     0.0      165        1       44   100.0%    1.78%
  over 10 seeds, mean +- 95% CI:  worst/cap | drift/agent-h | steady | in view | overflow % | t50 | inside | w1
  parity            0.21 +- 0.03 |   3.68 +- 0.30 |   3.14 +- 0.65 |   4.47 +- 0.94 |   0.00 +- 0.00 | 302.80 +- 28.71 |  14.50 +- 8.05 |  52.80 +- 17.93
  parity/reh 0.2    0.22 +- 0.04 |   3.64 +- 0.31 |   3.41 +- 0.95 |   4.55 +- 1.05 |   0.00 +- 0.00 | 326.00 +- 61.89 |  27.70 +- 18.57 |  69.90 +- 34.99
  parity_nocap      0.29 +- 0.03 |   3.97 +- 0.35 |   2.85 +- 0.45 |   4.57 +- 0.65 |   0.00 +- 0.00 | 245.20 +- 8.67 |  24.10 +- 7.28 |  39.89 +- 14.64
  parity/wait 5 reh   0.31 +- 0.05 |   4.68 +- 0.91 |   5.10 +- 1.37 |   6.81 +- 1.49 |   0.00 +- 0.00 | 247.10 +- 12.51 |  12.40 +- 12.01 |  28.08 +- 8.60
  cascade           0.39 +- 0.05 |   4.48 +- 0.40 |   3.33 +- 0.97 |   5.49 +- 0.93 |   0.00 +- 0.00 | 245.70 +- 6.76 |  27.10 +- 6.38 |  42.88 +- 12.37
  cascade/reh 0.2   0.40 +- 0.05 |   4.81 +- 0.48 |   4.64 +- 1.46 |   7.22 +- 1.49 |   0.00 +- 0.00 | 248.50 +- 8.43 |  20.80 +- 11.06 |  37.60 +- 9.52
  view_lod          0.63 +- 0.09 |   5.67 +- 0.38 |   7.79 +- 2.60 |   6.23 +- 1.45 |   0.00 +- 0.00 | 225.50 +- 8.74 |   5.30 +- 6.08 |  21.50 +- 9.38
  round_robin       0.33 +- 0.03 |   4.43 +- 0.49 |   3.43 +- 0.81 |   5.68 +- 1.03 |   0.00 +- 0.00 | 246.00 +- 6.94 |  22.20 +- 7.21 |  38.55 +- 11.17
  surrogate_only    1.83 +- 0.27 |  19.73 +- 1.61 |  26.34 +- 2.15 |  31.23 +- 2.72 |   1.78 +- 0.45 | 165.40 +- 0.37 |   1.20 +- 0.74 |  44.46 +- 15.20
  parity minus each, paired (mean +- 95% CI, Wilcoxon p, seeds parity lower):
    vs parity/reh 0.2 drift +0.04 +- 0.27 (p 0.846, 5/10); steady -0.26 +- 1.09 (p 0.846, 4/10); in view -0.08 +- 0.97 (p 0.922, 5/10); worst -0.11 +- 0.32 (p 0.846, 5/10); evac W1 -17.10 +- 35.46 (p 0.322, 6/10)
    vs parity_nocap  drift -0.29 +- 0.25 (p 0.020, 8/10); steady +0.29 +- 0.48 (p 0.193, 4/10); in view -0.10 +- 0.71 (p 0.695, 5/10); worst -0.82 +- 0.26 (p 0.002, 10/10); evac W1 +12.91 +- 10.83 (p 0.020, 2/10)
    vs parity/wait 5 reh drift -1.00 +- 0.88 (p 0.037, 8/10); steady -1.96 +- 1.28 (p 0.014, 9/10); in view -2.34 +- 1.55 (p 0.006, 9/10); worst -1.10 +- 0.58 (p 0.010, 8/10); evac W1 +24.72 +- 21.46 (p 0.025, 1/10)
    vs cascade       drift -0.80 +- 0.29 (p 0.002, 10/10); steady -0.19 +- 0.78 (p 0.770, 6/10); in view -1.02 +- 0.89 (p 0.037, 8/10); worst -1.80 +- 0.44 (p 0.002, 10/10); evac W1 +9.92 +- 8.98 (p 0.049, 3/10)
    vs cascade/reh 0.2 drift -1.13 +- 0.52 (p 0.002, 10/10); steady -1.49 +- 1.57 (p 0.105, 7/10); in view -2.75 +- 1.83 (p 0.006, 9/10); worst -2.00 +- 0.63 (p 0.002, 10/10); evac W1 +15.20 +- 20.85 (p 0.160, 3/10)
    vs view_lod      drift -1.98 +- 0.44 (p 0.002, 10/10); steady -4.65 +- 2.40 (p 0.002, 10/10); in view -1.76 +- 1.58 (p 0.037, 8/10); worst -4.27 +- 0.99 (p 0.002, 10/10); evac W1 +31.30 +- 21.09 (p 0.014, 2/10)
    vs round_robin   drift -0.75 +- 0.54 (p 0.020, 8/10); steady -0.29 +- 0.89 (p 0.695, 5/10); in view -1.21 +- 1.34 (p 0.084, 8/10); worst -1.22 +- 0.55 (p 0.004, 9/10); evac W1 +14.25 +- 13.92 (p 0.049, 2/10)
    vs surrogate_only drift -16.05 +- 1.54 (p 0.002, 10/10); steady -23.19 +- 2.41 (p 0.002, 10/10); in view -26.76 +- 3.00 (p 0.002, 10/10); worst -16.22 +- 2.81 (p 0.002, 10/10); evac W1 +8.34 +- 28.61 (p 0.625, 5/10)

N = 1000: 10.1 decisions/s needed for every decision to be the model's (8% servable);  reference t50 219, inside 6, w1 0
  policy           worst/cap  over-cap   drift/agent-h  steady  in view   model share  calls/s  waits/agent-h  forced      t50   inside       w1  coverage  overflow
  parity              0.20x     0.00%          2.15    0.58      1.84         0.02     1.71        1963.2     0.0      nan      620      187   100.0%    0.00%
  parity/reh 0.2      0.19x     0.00%          2.23    0.80      2.09         0.02     1.72        1696.3     0.0      402      529      165   100.0%    0.00%
  parity_nocap        0.46x     0.00%          4.81    3.52      5.76         0.05     0.60           0.0     0.0      269      122       65   100.0%    0.00%
  parity/wait 5 reh     2.11x     0.67%         10.24   14.18     14.62         0.01     1.04          88.3    17.5      241       61       43   100.0%    1.51%
  cascade             0.64x     0.00%          5.53    4.73      7.38         0.05     0.60           0.0     0.0      262      104       56   100.0%    0.00%
  cascade/reh 0.2     0.53x     0.00%          5.00    4.35      7.25         0.04     0.65           0.0     0.0      267      124       65   100.0%    0.00%
  view_lod            1.00x     0.00%          6.25    5.74      6.41         0.05     0.60           0.0     0.0      249       38       32   100.0%    0.00%
  round_robin         0.48x     0.00%          4.59    3.48      5.83         0.05     0.59           0.0     0.0      267      120       63   100.0%    0.00%
  surrogate_only      2.67x     1.00%         19.07   25.92     30.01         0.00     0.00           0.0     0.0      166        5       39   100.0%    1.50%
  over 10 seeds, mean +- 95% CI:  worst/cap | drift/agent-h | steady | in view | overflow % | t50 | inside | w1
  parity            0.17 +- 0.01 |   2.15 +- 0.20 |   0.58 +- 0.11 |   1.84 +- 0.22 |   0.00 +- 0.00 |    nan +-  nan | 619.50 +- 26.13 | 186.95 +- 14.62
  parity/reh 0.2    0.16 +- 0.01 |   2.23 +- 0.22 |   0.80 +- 0.19 |   2.09 +- 0.28 |   0.00 +- 0.00 |    nan +-  nan | 528.70 +- 77.49 | 164.98 +- 17.87
  parity_nocap      0.40 +- 0.04 |   4.81 +- 0.33 |   3.52 +- 0.41 |   5.76 +- 0.54 |   0.00 +- 0.00 | 268.90 +- 5.62 | 121.80 +- 12.84 |  64.66 +- 9.43
  parity/wait 5 reh   1.50 +- 0.39 |  10.24 +- 2.10 |  14.18 +- 3.53 |  14.62 +- 2.93 |   1.51 +- 0.70 | 240.70 +- 12.25 |  61.30 +- 27.35 |  43.49 +- 11.79
  cascade           0.56 +- 0.04 |   5.53 +- 0.41 |   4.73 +- 1.06 |   7.38 +- 1.06 |   0.00 +- 0.00 | 262.40 +- 5.25 | 104.50 +- 23.90 |  56.08 +- 10.59
  cascade/reh 0.2   0.48 +- 0.03 |   5.00 +- 0.39 |   4.35 +- 0.33 |   7.25 +- 0.52 |   0.00 +- 0.00 | 267.30 +- 4.83 | 124.40 +- 10.42 |  64.65 +- 8.39
  view_lod          0.89 +- 0.05 |   6.25 +- 0.49 |   5.74 +- 0.79 |   6.41 +- 0.59 |   0.00 +- 0.00 | 248.70 +- 3.99 |  38.30 +- 21.05 |  32.22 +- 10.10
  round_robin       0.41 +- 0.03 |   4.59 +- 0.30 |   3.48 +- 0.33 |   5.83 +- 0.39 |   0.00 +- 0.00 | 267.10 +- 5.93 | 120.40 +- 15.22 |  62.97 +- 9.93
  surrogate_only    2.19 +- 0.20 |  19.07 +- 0.59 |  25.92 +- 1.56 |  30.01 +- 1.51 |   1.50 +- 0.21 | 166.00 +- 0.00 |   4.90 +- 2.04 |  38.58 +- 7.93
  parity minus each, paired (mean +- 95% CI, Wilcoxon p, seeds parity lower):
    vs parity/reh 0.2 drift -0.08 +- 0.34 (p 0.770, 5/10); steady -0.22 +- 0.20 (p 0.002, 10/10); in view -0.25 +- 0.40 (p 0.232, 7/10); worst +0.07 +- 0.12 (p 0.232, 2/10); evac W1 +21.97 +- 21.41 (p 0.064, 2/10)
    vs parity_nocap  drift -2.66 +- 0.48 (p 0.002, 10/10); steady -2.94 +- 0.46 (p 0.002, 10/10); in view -3.92 +- 0.66 (p 0.002, 10/10); worst -2.37 +- 0.44 (p 0.002, 10/10); evac W1 +122.29 +- 13.25 (p 0.002, 0/10)
    vs parity/wait 5 reh drift -8.09 +- 2.14 (p 0.002, 10/10); steady -13.60 +- 3.50 (p 0.002, 10/10); in view -12.78 +- 2.92 (p 0.002, 10/10); worst -13.31 +- 4.00 (p 0.002, 10/10); evac W1 +143.46 +- 14.60 (p 0.002, 0/10)
    vs cascade       drift -3.38 +- 0.50 (p 0.002, 10/10); steady -4.15 +- 1.04 (p 0.002, 10/10); in view -5.54 +- 1.08 (p 0.002, 10/10); worst -3.93 +- 0.40 (p 0.002, 10/10); evac W1 +130.87 +- 16.63 (p 0.002, 0/10)
    vs cascade/reh 0.2 drift -2.85 +- 0.48 (p 0.002, 10/10); steady -3.77 +- 0.32 (p 0.002, 10/10); in view -5.41 +- 0.55 (p 0.002, 10/10); worst -3.17 +- 0.36 (p 0.002, 10/10); evac W1 +122.30 +- 11.87 (p 0.002, 0/10)
    vs view_lod      drift -4.10 +- 0.56 (p 0.002, 10/10); steady -5.16 +- 0.75 (p 0.002, 10/10); in view -4.57 +- 0.58 (p 0.002, 10/10); worst -7.24 +- 0.53 (p 0.002, 10/10); evac W1 +154.73 +- 15.32 (p 0.002, 0/10)
    vs round_robin   drift -2.44 +- 0.39 (p 0.002, 10/10); steady -2.90 +- 0.28 (p 0.002, 10/10); in view -3.99 +- 0.34 (p 0.002, 10/10); worst -2.42 +- 0.31 (p 0.002, 10/10); evac W1 +123.98 +- 13.49 (p 0.002, 0/10)
    vs surrogate_only drift -16.92 +- 0.58 (p 0.002, 10/10); steady -25.34 +- 1.49 (p 0.002, 10/10); in view -28.17 +- 1.44 (p 0.002, 10/10); worst -20.20 +- 2.03 (p 0.002, 10/10); evac W1 +148.37 +- 20.85 (p 0.002, 0/10)

N = 2000: 20.8 decisions/s needed for every decision to be the model's (4% servable);  reference t50 215, inside 3, w1 0
  policy           worst/cap  over-cap   drift/agent-h  steady  in view   model share  calls/s  waits/agent-h  forced      t50   inside       w1  coverage  overflow
  parity              0.20x     0.00%          2.11    0.72      1.95         0.01     2.76        1987.8     0.0      nan     1252      197   100.0%    0.00%
  parity/reh 0.2      0.18x     0.00%          2.12    0.84      2.01         0.01     2.89        1946.1     0.0      nan     1226      190   100.0%    0.00%
  parity_nocap        0.55x     0.00%          4.85    3.81      6.20         0.03     0.63           0.0     0.0      268      234       70   100.0%    0.00%
  parity/wait 5 reh     2.11x     0.66%         10.54   14.77     14.42         0.01     1.39          94.5    18.8      227      122       43   100.0%    1.28%
  cascade             0.64x     0.00%          5.50    4.62      7.37         0.02     0.65           0.0     0.0      266      228       67   100.0%    0.00%
  cascade/reh 0.2     0.65x     0.00%          5.10    4.59      7.49         0.02     0.69           0.0     0.0      273      253       74   100.0%    0.00%
  view_lod            1.18x     0.00%          6.68    7.19      7.61         0.03     0.63           0.0     0.0      248       74       38   100.0%    0.01%
  round_robin         0.56x     0.00%          4.66    3.68      6.10         0.03     0.62           0.0     0.0      266      232       68   100.0%    0.00%
  surrogate_only      2.64x     0.93%         18.61   24.97     29.22         0.00     0.00           0.0     0.0      166       11       25   100.0%    1.51%
  over 10 seeds, mean +- 95% CI:  worst/cap | drift/agent-h | steady | in view | overflow % | t50 | inside | w1
  parity            0.17 +- 0.02 |   2.11 +- 0.07 |   0.72 +- 0.13 |   1.95 +- 0.24 |   0.00 +- 0.00 |    nan +-  nan | 1252.30 +- 42.01 | 196.56 +- 9.95
  parity/reh 0.2    0.15 +- 0.01 |   2.12 +- 0.12 |   0.84 +- 0.21 |   2.01 +- 0.40 |   0.00 +- 0.00 |    nan +-  nan | 1225.70 +- 68.23 | 189.65 +- 17.49
  parity_nocap      0.46 +- 0.03 |   4.85 +- 0.30 |   3.81 +- 0.43 |   6.20 +- 0.49 |   0.00 +- 0.00 | 267.70 +- 3.09 | 234.10 +- 26.34 |  69.70 +- 7.60
  parity/wait 5 reh   1.83 +- 0.36 |  10.54 +- 1.69 |  14.77 +- 2.72 |  14.42 +- 2.15 |   1.28 +- 0.52 | 227.30 +- 11.72 | 122.50 +- 49.54 |  42.89 +- 12.86
  cascade           0.54 +- 0.04 |   5.50 +- 0.46 |   4.62 +- 0.64 |   7.37 +- 0.68 |   0.00 +- 0.00 | 265.50 +- 4.70 | 227.50 +- 33.11 |  67.24 +- 8.26
  cascade/reh 0.2   0.55 +- 0.04 |   5.10 +- 0.32 |   4.59 +- 0.38 |   7.49 +- 0.49 |   0.00 +- 0.00 | 272.80 +- 6.39 | 253.10 +- 23.51 |  73.60 +- 7.55
  view_lod          0.97 +- 0.07 |   6.68 +- 0.50 |   7.19 +- 2.35 |   7.61 +- 1.08 |   0.01 +- 0.01 | 247.90 +- 12.52 |  74.50 +- 42.10 |  38.45 +- 12.04
  round_robin       0.43 +- 0.04 |   4.66 +- 0.47 |   3.68 +- 0.44 |   6.10 +- 0.55 |   0.00 +- 0.00 | 265.70 +- 4.20 | 232.10 +- 31.16 |  68.29 +- 5.81
  surrogate_only    2.47 +- 0.07 |  18.61 +- 0.71 |  24.97 +- 2.01 |  29.22 +- 1.61 |   1.51 +- 0.22 | 166.00 +- 0.00 |  10.80 +- 2.40 |  25.43 +- 5.50
  parity minus each, paired (mean +- 95% CI, Wilcoxon p, seeds parity lower):
    vs parity/reh 0.2 drift -0.01 +- 0.15 (p 0.922, 4/10); steady -0.12 +- 0.29 (p 0.770, 4/10); in view -0.06 +- 0.55 (p 0.922, 4/10); worst +0.20 +- 0.18 (p 0.049, 3/10); evac W1 +6.91 +- 18.12 (p 0.432, 4/10)
    vs parity_nocap  drift -2.75 +- 0.34 (p 0.002, 10/10); steady -3.09 +- 0.46 (p 0.002, 10/10); in view -4.25 +- 0.60 (p 0.002, 10/10); worst -2.89 +- 0.29 (p 0.002, 10/10); evac W1 +126.87 +- 10.06 (p 0.002, 0/10)
    vs parity/wait 5 reh drift -8.43 +- 1.72 (p 0.002, 10/10); steady -14.05 +- 2.75 (p 0.002, 10/10); in view -12.47 +- 2.22 (p 0.002, 10/10); worst -16.53 +- 3.58 (p 0.002, 10/10); evac W1 +153.67 +- 14.26 (p 0.002, 0/10)
    vs cascade       drift -3.39 +- 0.49 (p 0.002, 10/10); steady -3.90 +- 0.67 (p 0.002, 10/10); in view -5.43 +- 0.76 (p 0.002, 10/10); worst -3.69 +- 0.38 (p 0.002, 10/10); evac W1 +129.32 +- 11.28 (p 0.002, 0/10)
    vs cascade/reh 0.2 drift -2.99 +- 0.38 (p 0.002, 10/10); steady -3.87 +- 0.43 (p 0.002, 10/10); in view -5.54 +- 0.64 (p 0.002, 10/10); worst -3.81 +- 0.38 (p 0.002, 10/10); evac W1 +122.96 +- 9.05 (p 0.002, 0/10)
    vs view_lod      drift -4.57 +- 0.53 (p 0.002, 10/10); steady -6.47 +- 2.38 (p 0.002, 10/10); in view -5.66 +- 1.18 (p 0.002, 10/10); worst -7.94 +- 0.66 (p 0.002, 10/10); evac W1 +158.12 +- 15.76 (p 0.002, 0/10)
    vs round_robin   drift -2.56 +- 0.51 (p 0.002, 10/10); steady -2.96 +- 0.49 (p 0.002, 10/10); in view -4.15 +- 0.70 (p 0.002, 10/10); worst -2.58 +- 0.40 (p 0.002, 10/10); evac W1 +128.27 +- 12.11 (p 0.002, 0/10)
    vs surrogate_only drift -16.50 +- 0.73 (p 0.002, 10/10); steady -24.25 +- 2.06 (p 0.002, 10/10); in view -27.27 +- 1.71 (p 0.002, 10/10); worst -22.95 +- 0.64 (p 0.002, 10/10); evac W1 +171.13 +- 11.96 (p 0.002, 0/10)
270 runs written to paper/data/museum_llama.csv (time series beside it)
