/Users/user/Documents/Sem VII Notes/CGVR (CS373IA)/EL/cgvr/bench/llm_agents.py:176: RuntimeWarning: Mean of empty slice
  f"{m('stall_per_agent_h'):13.1f}  {m('forced_per_agent_h'):6.1f}  " + "  ".join(f"{np.nanmean([r[k] for r in rs]):7.0f}" for k in outk)
model latency median 694 ms -> budget 1.36 calls/s; cap 10.0 nats; 15 simulated minutes; seeds [0, 1, 2, 3, 4, 5, 6, 7, 8, 9]

N = 300: 1.5 decisions/s needed for every decision to be the model's (93% servable);  reference t50 186, inside 13, w1 0
  policy           worst/cap  over-cap   drift/agent-h  steady  in view   model share  calls/s  waits/agent-h  forced      t50   inside       w1  coverage  overflow
  parity              1.00x     0.00%         18.61   44.11     18.04         0.34     0.70           0.2     0.0      193        0       53   100.0%    0.00%
  parity/reh 0.2      0.99x     0.00%          9.87   17.60      7.90         0.26     0.74           0.1     0.0      193        5       42   100.0%    0.00%
  parity_nocap        1.45x     0.28%         16.03   37.33     11.48         0.35     0.69           0.0     0.0      193        0       51   100.0%    0.50%
  parity/wait 0 reh     1.02x     0.00%          9.82   17.45      7.98         0.26     0.73           0.0     0.0      193        5       43   100.0%    0.02%
  parity/wait 5 reh     0.98x     0.00%          9.84   17.53      7.88         0.26     0.73           0.1     0.0      192        5       42   100.0%    0.00%
  parity/wait 15 reh     0.97x     0.00%          9.83   17.53      7.80         0.26     0.73           0.1     0.0      193        5       42   100.0%    0.00%
  cascade             1.83x     1.19%         25.21   57.45     30.30         0.35     0.71           0.0     0.0      191        1       44   100.0%    2.65%
  cascade/reh 0.2     1.18x     0.01%          8.25   13.70      8.15         0.26     0.74           0.0     0.0      186        0       41   100.0%    0.05%
  view_lod            2.54x     0.82%         21.81   45.66     10.64         0.37     0.70           0.0     0.0      195        0       47   100.0%    1.51%
  round_robin         3.50x     1.24%         21.66   46.61     26.68         0.36     0.70           0.0     0.0      190        0       51   100.0%    2.41%
  surrogate_only      8.49x    43.79%        207.95  337.23    209.78         0.00     0.00           0.0     0.0      554      169      218   100.0%   76.04%
  over 10 seeds, mean +- 95% CI:  worst/cap | drift/agent-h | steady | in view | overflow % | t50 | inside | w1
  parity            0.95 +- 0.02 |  18.61 +- 1.30 |  44.11 +- 3.89 |  18.04 +- 3.47 |   0.00 +- 0.00 | 192.70 +- 1.79 |   0.10 +- 0.23 |  53.21 +- 9.05
  parity/reh 0.2    0.92 +- 0.02 |   9.87 +- 1.38 |  17.60 +- 3.92 |   7.90 +- 1.02 |   0.00 +- 0.00 | 192.90 +- 19.70 |   5.20 +- 11.76 |  42.45 +- 12.27
  parity_nocap      1.19 +- 0.14 |  16.03 +- 1.03 |  37.33 +- 2.81 |  11.48 +- 1.89 |   0.50 +- 0.25 | 192.90 +- 1.98 |   0.00 +- 0.00 |  50.86 +- 7.96
  parity/wait 0 reh   0.93 +- 0.03 |   9.82 +- 1.31 |  17.45 +- 4.29 |   7.98 +- 1.19 |   0.02 +- 0.05 | 193.40 +- 20.82 |   5.40 +- 12.22 |  42.72 +- 12.04
  parity/wait 5 reh   0.92 +- 0.02 |   9.84 +- 1.33 |  17.53 +- 4.06 |   7.88 +- 1.00 |   0.00 +- 0.00 | 192.20 +- 18.12 |   5.00 +- 11.31 |  42.16 +- 12.42
  parity/wait 15 reh   0.92 +- 0.02 |   9.83 +- 1.33 |  17.53 +- 4.05 |   7.80 +- 0.96 |   0.00 +- 0.00 | 192.90 +- 19.70 |   5.20 +- 11.76 |  42.50 +- 12.35
  cascade           1.63 +- 0.16 |  25.21 +- 2.59 |  57.45 +- 7.04 |  30.30 +- 5.51 |   2.65 +- 1.38 | 190.80 +- 4.33 |   0.70 +- 1.58 |  44.24 +- 12.64
  cascade/reh 0.2   0.96 +- 0.09 |   8.25 +- 0.80 |  13.70 +- 2.03 |   8.15 +- 1.33 |   0.05 +- 0.07 | 186.20 +- 4.21 |   0.40 +- 0.90 |  40.85 +- 5.31
  view_lod          1.60 +- 0.32 |  21.81 +- 1.12 |  45.66 +- 3.24 |  10.64 +- 3.09 |   1.51 +- 0.43 | 195.30 +- 4.52 |   0.00 +- 0.00 |  46.87 +- 10.09
  round_robin       2.58 +- 0.44 |  21.66 +- 1.94 |  46.61 +- 5.45 |  26.68 +- 3.95 |   2.41 +- 0.49 | 190.00 +- 3.02 |   0.00 +- 0.00 |  50.71 +- 13.39
  surrogate_only    7.72 +- 0.30 | 207.95 +- 3.87 | 337.23 +- 2.11 | 209.78 +- 3.58 |  76.04 +- 2.94 |    nan +-  nan | 168.70 +- 14.12 | 217.72 +- 17.37
  parity minus each, paired (mean +- 95% CI, Wilcoxon p, seeds parity lower):
    vs parity/reh 0.2 drift +8.74 +- 2.26 (p 0.002, 0/10); steady +26.51 +- 4.28 (p 0.002, 0/10); in view +10.14 +- 3.72 (p 0.002, 0/10); worst +0.26 +- 0.24 (p 0.027, 1/10); evac W1 +10.76 +- 6.38 (p 0.010, 1/10)
    vs parity_nocap  drift +2.58 +- 1.00 (p 0.002, 0/10); steady +6.78 +- 2.79 (p 0.002, 0/10); in view +6.56 +- 2.44 (p 0.002, 0/10); worst -2.38 +- 1.53 (p 0.002, 10/10); evac W1 +2.35 +- 3.81 (p 0.084, 1/10)
    vs parity/wait 0 reh drift +8.80 +- 2.16 (p 0.002, 0/10); steady +26.66 +- 4.33 (p 0.002, 0/10); in view +10.06 +- 3.82 (p 0.002, 0/10); worst +0.20 +- 0.27 (p 0.193, 3/10); evac W1 +10.49 +- 6.40 (p 0.014, 2/10)
    vs parity/wait 5 reh drift +8.77 +- 2.21 (p 0.002, 0/10); steady +26.58 +- 4.31 (p 0.002, 0/10); in view +10.16 +- 3.69 (p 0.002, 0/10); worst +0.26 +- 0.24 (p 0.027, 1/10); evac W1 +11.05 +- 6.26 (p 0.014, 1/10)
    vs parity/wait 15 reh drift +8.78 +- 2.21 (p 0.002, 0/10); steady +26.58 +- 4.31 (p 0.002, 0/10); in view +10.24 +- 3.58 (p 0.002, 0/10); worst +0.31 +- 0.25 (p 0.020, 1/10); evac W1 +10.71 +- 6.47 (p 0.014, 1/10)
    vs cascade       drift -6.59 +- 3.56 (p 0.006, 9/10); steady -13.34 +- 9.74 (p 0.014, 8/10); in view -12.26 +- 7.59 (p 0.006, 9/10); worst -6.76 +- 1.75 (p 0.002, 10/10); evac W1 +8.97 +- 14.86 (p 0.131, 2/10)
    vs cascade/reh 0.2 drift +10.36 +- 1.07 (p 0.002, 0/10); steady +30.41 +- 2.77 (p 0.002, 0/10); in view +9.89 +- 2.88 (p 0.002, 0/10); worst -0.06 +- 0.96 (p 1.000, 5/10); evac W1 +12.36 +- 6.20 (p 0.004, 0/10)
    vs view_lod      drift -3.20 +- 0.93 (p 0.002, 10/10); steady -1.55 +- 3.42 (p 0.492, 6/10); in view +7.40 +- 3.04 (p 0.002, 0/10); worst -6.48 +- 3.25 (p 0.002, 10/10); evac W1 +6.34 +- 9.72 (p 0.160, 2/10)
    vs round_robin   drift -3.05 +- 2.50 (p 0.006, 9/10); steady -2.50 +- 7.35 (p 0.846, 6/10); in view -8.64 +- 5.90 (p 0.002, 10/10); worst -16.32 +- 4.39 (p 0.002, 10/10); evac W1 +2.50 +- 13.47 (p 0.695, 4/10)
    vs surrogate_only drift -189.34 +- 3.92 (p 0.002, 10/10); steady -293.12 +- 4.15 (p 0.002, 10/10); in view -191.74 +- 5.65 (p 0.002, 10/10); worst -67.71 +- 3.11 (p 0.002, 10/10); evac W1 -164.51 +- 21.13 (p 0.002, 10/10)

N = 1000: 4.8 decisions/s needed for every decision to be the model's (28% servable);  reference t50 184, inside 40, w1 0
  policy           worst/cap  over-cap   drift/agent-h  steady  in view   model share  calls/s  waits/agent-h  forced      t50   inside       w1  coverage  overflow
  parity              0.98x     0.00%         24.20   49.82     24.83         0.09     1.68         634.6     0.0      202      206       37   100.0%    0.00%
  parity/reh 0.2      0.99x     0.00%         11.94   21.04      9.55         0.07     1.59         171.3     0.0      184       33       34   100.0%    0.00%
  parity_nocap        2.28x     1.66%         26.27   61.75     23.59         0.10     0.77           0.0     0.0      203        0       61   100.0%    3.42%
  parity/wait 0 reh     1.35x     0.04%         11.45   19.89      8.94         0.07     0.76           0.0     0.1      184        0       34   100.0%    0.05%
  parity/wait 5 reh     0.98x     0.00%         11.19   19.17      8.53         0.07     0.79           1.1     0.2      184        0       33   100.0%    0.00%
  parity/wait 15 reh     1.59x     0.03%         11.25   19.33      8.89         0.07     0.82           4.1     0.2      184        0       33   100.0%    0.03%
  cascade             4.60x     6.30%         40.50   88.66     51.79         0.10     0.80           0.0     0.0      198        0       47   100.0%   15.65%
  cascade/reh 0.2     3.19x     0.08%         12.20   17.37      9.85         0.07     0.75           0.0     0.0      186        0       39   100.0%    0.16%
  view_lod            3.41x     2.88%         37.33   79.98     25.87         0.12     0.79           0.0     0.0      206        0       63   100.0%    5.99%
  round_robin         3.67x     2.73%         29.21   63.22     36.93         0.11     0.77           0.0     0.0      195        0       58   100.0%    5.58%
  surrogate_only      8.83x    43.65%        207.60  336.95    206.44         0.00     0.00           0.0     0.0      578      560      219   100.0%   75.39%
  over 10 seeds, mean +- 95% CI:  worst/cap | drift/agent-h | steady | in view | overflow % | t50 | inside | w1
  parity            0.95 +- 0.01 |  24.20 +- 0.89 |  49.82 +- 1.86 |  24.83 +- 2.00 |   0.00 +- 0.00 | 202.50 +- 1.44 | 206.40 +- 7.99 |  36.63 +- 1.50
  parity/reh 0.2    0.96 +- 0.01 |  11.94 +- 1.01 |  21.04 +- 2.69 |   9.55 +- 0.99 |   0.00 +- 0.00 | 183.90 +- 1.80 |  32.70 +- 6.74 |  34.05 +- 6.34
  parity_nocap      1.85 +- 0.17 |  26.27 +- 1.62 |  61.75 +- 4.31 |  23.59 +- 1.85 |   3.42 +- 0.50 | 203.10 +- 1.63 |   0.00 +- 0.00 |  61.00 +- 3.32
  parity/wait 0 reh   1.04 +- 0.09 |  11.45 +- 0.99 |  19.89 +- 2.74 |   8.94 +- 1.04 |   0.05 +- 0.05 | 183.80 +- 1.71 |   0.00 +- 0.00 |  34.40 +- 7.70
  parity/wait 5 reh   0.96 +- 0.01 |  11.19 +- 0.94 |  19.17 +- 2.53 |   8.53 +- 0.86 |   0.00 +- 0.00 | 183.90 +- 1.80 |   0.00 +- 0.00 |  32.73 +- 7.08
  parity/wait 15 reh   1.05 +- 0.14 |  11.25 +- 0.90 |  19.33 +- 2.47 |   8.89 +- 0.90 |   0.03 +- 0.03 | 183.90 +- 1.80 |   0.00 +- 0.00 |  32.86 +- 7.64
  cascade           3.24 +- 0.53 |  40.50 +- 1.71 |  88.66 +- 3.54 |  51.79 +- 2.02 |  15.65 +- 1.36 | 197.50 +- 2.11 |   0.00 +- 0.00 |  47.26 +- 2.38
  cascade/reh 0.2   1.46 +- 0.51 |  12.20 +- 0.62 |  17.37 +- 1.31 |   9.85 +- 1.31 |   0.16 +- 0.10 | 186.10 +- 1.89 |   0.00 +- 0.00 |  39.49 +- 3.87
  view_lod          2.67 +- 0.31 |  37.33 +- 1.77 |  79.98 +- 3.74 |  25.87 +- 2.32 |   5.99 +- 0.62 | 205.90 +- 2.32 |   0.00 +- 0.00 |  63.35 +- 2.22
  round_robin       2.85 +- 0.35 |  29.21 +- 1.20 |  63.22 +- 3.04 |  36.93 +- 2.60 |   5.58 +- 0.47 | 195.40 +- 1.91 |   0.00 +- 0.00 |  57.77 +- 4.67
  surrogate_only    8.33 +- 0.25 | 207.60 +- 3.27 | 336.95 +- 1.65 | 206.44 +- 2.74 |  75.39 +- 2.63 |    nan +-  nan | 559.80 +- 39.00 | 219.05 +- 16.36
  parity minus each, paired (mean +- 95% CI, Wilcoxon p, seeds parity lower):
    vs parity/reh 0.2 drift +12.26 +- 1.30 (p 0.002, 0/10); steady +28.78 +- 3.01 (p 0.002, 0/10); in view +15.28 +- 2.16 (p 0.002, 0/10); worst -0.11 +- 0.14 (p 0.160, 7/10); evac W1 +2.58 +- 7.49 (p 0.695, 3/10)
    vs parity_nocap  drift -2.07 +- 2.27 (p 0.049, 7/10); steady -11.93 +- 5.72 (p 0.004, 9/10); in view +1.24 +- 3.30 (p 0.557, 5/10); worst -9.01 +- 1.69 (p 0.002, 10/10); evac W1 -24.37 +- 3.74 (p 0.002, 10/10)
    vs parity/wait 0 reh drift +12.75 +- 1.20 (p 0.002, 0/10); steady +29.93 +- 2.85 (p 0.002, 0/10); in view +15.89 +- 1.97 (p 0.002, 0/10); worst -0.90 +- 0.93 (p 0.010, 8/10); evac W1 +2.23 +- 8.80 (p 0.695, 3/10)
    vs parity/wait 5 reh drift +13.01 +- 1.25 (p 0.002, 0/10); steady +30.64 +- 2.89 (p 0.002, 0/10); in view +16.30 +- 2.00 (p 0.002, 0/10); worst -0.10 +- 0.19 (p 0.322, 5/10); evac W1 +3.90 +- 8.11 (p 0.375, 3/10)
    vs parity/wait 15 reh drift +12.95 +- 1.18 (p 0.002, 0/10); steady +30.49 +- 2.75 (p 0.002, 0/10); in view +15.94 +- 2.01 (p 0.002, 0/10); worst -0.96 +- 1.39 (p 0.020, 8/10); evac W1 +3.76 +- 8.64 (p 0.557, 3/10)
    vs cascade       drift -16.30 +- 2.18 (p 0.002, 10/10); steady -38.84 +- 4.56 (p 0.002, 10/10); in view -26.96 +- 3.20 (p 0.002, 10/10); worst -22.84 +- 5.30 (p 0.002, 10/10); evac W1 -10.63 +- 2.78 (p 0.002, 10/10)
    vs cascade/reh 0.2 drift +12.00 +- 1.09 (p 0.002, 0/10); steady +32.44 +- 2.61 (p 0.002, 0/10); in view +14.98 +- 2.20 (p 0.002, 0/10); worst -5.08 +- 5.11 (p 0.004, 9/10); evac W1 -2.87 +- 4.17 (p 0.193, 7/10)
    vs view_lod      drift -13.13 +- 2.00 (p 0.002, 10/10); steady -30.16 +- 4.14 (p 0.002, 10/10); in view -1.04 +- 2.55 (p 0.625, 4/10); worst -17.20 +- 3.08 (p 0.002, 10/10); evac W1 -26.72 +- 3.25 (p 0.002, 10/10)
    vs round_robin   drift -5.00 +- 1.36 (p 0.002, 10/10); steady -13.41 +- 3.13 (p 0.002, 10/10); in view -12.10 +- 2.67 (p 0.002, 10/10); worst -19.00 +- 3.47 (p 0.002, 10/10); evac W1 -21.14 +- 5.68 (p 0.002, 10/10)
    vs surrogate_only drift -183.39 +- 3.23 (p 0.002, 10/10); steady -287.13 +- 2.43 (p 0.002, 10/10); in view -181.61 +- 2.76 (p 0.002, 10/10); worst -73.74 +- 2.52 (p 0.002, 10/10); evac W1 -182.42 +- 15.94 (p 0.002, 10/10)

N = 2000: 9.7 decisions/s needed for every decision to be the model's (14% servable);  reference t50 184, inside 70, w1 0
  policy           worst/cap  over-cap   drift/agent-h  steady  in view   model share  calls/s  waits/agent-h  forced      t50   inside       w1  coverage  overflow
  parity              1.00x     0.00%         25.88   51.60     26.57         0.04     2.65         645.5     0.0      211      426       38   100.0%    0.00%
  parity/reh 0.2      1.00x     0.00%         12.87   20.96      8.91         0.03     2.54         235.6     0.0      184       83       32   100.0%    0.00%
  parity_nocap        2.68x     2.47%         32.77   76.19     31.37         0.05     0.80           0.0     0.0      207        0       63   100.0%    5.17%
  parity/wait 0 reh     1.11x     0.02%         12.11   19.07      8.17         0.04     0.77           0.0     0.2      184        0       30   100.0%    0.03%
  parity/wait 5 reh     1.38x     0.03%         11.98   18.73      8.10         0.04     0.94           3.0     0.5      184        0       29   100.0%    0.04%
  parity/wait 15 reh     1.55x     0.02%         11.71   18.05      7.99         0.04     0.97           8.6     0.5      184        0       28   100.0%    0.02%
  cascade             4.87x     7.95%         45.60   98.55     56.99         0.05     0.86           0.0     0.0      200        0       50   100.0%   19.55%
  cascade/reh 0.2     1.86x     0.16%         14.79   19.58     10.99         0.03     0.77           0.0     0.0      183        0       41   100.0%    0.36%
  view_lod            4.27x     3.83%         40.37   86.12     33.74         0.06     0.81           0.0     0.0      210        0       62   100.0%    7.75%
  round_robin         4.43x     3.00%         31.39   69.15     41.41         0.06     0.79           0.0     0.0      196        0       60   100.0%    6.21%
  surrogate_only      8.69x    43.59%        207.88  337.37    209.68         0.00     0.00           0.0     0.0      nan     1123      220   100.0%   75.15%
  over 10 seeds, mean +- 95% CI:  worst/cap | drift/agent-h | steady | in view | overflow % | t50 | inside | w1
  parity            0.98 +- 0.01 |  25.88 +- 0.72 |  51.60 +- 1.53 |  26.57 +- 1.28 |   0.00 +- 0.00 | 210.70 +- 4.38 | 426.20 +- 29.24 |  38.15 +- 2.29
  parity/reh 0.2    0.98 +- 0.01 |  12.87 +- 0.63 |  20.96 +- 1.55 |   8.91 +- 0.82 |   0.00 +- 0.00 | 183.70 +- 1.79 |  83.00 +- 9.13 |  31.73 +- 4.70
  parity_nocap      2.44 +- 0.11 |  32.77 +- 1.95 |  76.19 +- 5.07 |  31.37 +- 2.57 |   5.17 +- 0.50 | 207.40 +- 1.48 |   0.00 +- 0.00 |  62.91 +- 2.76
  parity/wait 0 reh   1.02 +- 0.04 |  12.11 +- 0.49 |  19.07 +- 1.18 |   8.17 +- 0.70 |   0.03 +- 0.02 | 183.90 +- 1.89 |   0.00 +- 0.00 |  30.28 +- 5.03
  parity/wait 5 reh   1.07 +- 0.09 |  11.98 +- 0.53 |  18.73 +- 1.39 |   8.10 +- 0.65 |   0.04 +- 0.02 | 183.70 +- 1.79 |   0.00 +- 0.00 |  28.99 +- 5.64
  parity/wait 15 reh   1.13 +- 0.15 |  11.71 +- 0.58 |  18.05 +- 1.53 |   7.99 +- 0.80 |   0.02 +- 0.02 | 183.70 +- 1.79 |   0.00 +- 0.00 |  27.54 +- 5.60
  cascade           3.61 +- 0.49 |  45.60 +- 1.75 |  98.55 +- 5.86 |  56.99 +- 3.55 |  19.55 +- 1.16 | 200.00 +- 4.20 |   0.00 +- 0.00 |  49.62 +- 7.10
  cascade/reh 0.2   1.32 +- 0.19 |  14.79 +- 0.70 |  19.58 +- 1.08 |  10.99 +- 0.98 |   0.36 +- 0.08 | 183.10 +- 1.70 |   0.00 +- 0.00 |  40.78 +- 4.79
  view_lod          3.34 +- 0.38 |  40.37 +- 1.94 |  86.12 +- 3.67 |  33.74 +- 3.22 |   7.75 +- 0.78 | 209.50 +- 1.89 |   0.00 +- 0.00 |  62.08 +- 3.23
  round_robin       3.43 +- 0.30 |  31.39 +- 1.10 |  69.15 +- 2.27 |  41.41 +- 2.04 |   6.21 +- 0.58 | 195.80 +- 2.92 |   0.00 +- 0.00 |  60.02 +- 3.45
  surrogate_only    8.17 +- 0.20 | 207.88 +- 2.19 | 337.37 +- 1.27 | 209.68 +- 3.28 |  75.15 +- 2.75 |    nan +-  nan | 1122.90 +- 46.07 | 220.29 +- 10.81
  parity minus each, paired (mean +- 95% CI, Wilcoxon p, seeds parity lower):
    vs parity/reh 0.2 drift +13.01 +- 0.75 (p 0.002, 0/10); steady +30.64 +- 1.80 (p 0.002, 0/10); in view +17.66 +- 1.53 (p 0.002, 0/10); worst -0.03 +- 0.15 (p 0.695, 6/10); evac W1 +6.41 +- 5.78 (p 0.049, 3/10)
    vs parity_nocap  drift -6.88 +- 2.26 (p 0.004, 9/10); steady -24.59 +- 5.76 (p 0.002, 10/10); in view -4.80 +- 2.33 (p 0.006, 9/10); worst -14.66 +- 1.10 (p 0.002, 10/10); evac W1 -24.76 +- 4.29 (p 0.002, 10/10)
    vs parity/wait 0 reh drift +13.77 +- 0.72 (p 0.002, 0/10); steady +32.53 +- 1.76 (p 0.002, 0/10); in view +18.40 +- 1.16 (p 0.002, 0/10); worst -0.39 +- 0.37 (p 0.049, 8/10); evac W1 +7.87 +- 6.11 (p 0.049, 3/10)
    vs parity/wait 5 reh drift +13.90 +- 0.70 (p 0.002, 0/10); steady +32.87 +- 1.76 (p 0.002, 0/10); in view +18.47 +- 1.27 (p 0.002, 0/10); worst -0.89 +- 0.88 (p 0.020, 8/10); evac W1 +9.16 +- 6.54 (p 0.037, 3/10)
    vs parity/wait 15 reh drift +14.17 +- 0.74 (p 0.002, 0/10); steady +33.55 +- 1.85 (p 0.002, 0/10); in view +18.58 +- 1.46 (p 0.002, 0/10); worst -1.53 +- 1.43 (p 0.010, 9/10); evac W1 +10.61 +- 6.31 (p 0.010, 1/10)
    vs cascade       drift -19.72 +- 1.89 (p 0.002, 10/10); steady -46.95 +- 5.61 (p 0.002, 10/10); in view -30.42 +- 2.79 (p 0.002, 10/10); worst -26.32 +- 4.90 (p 0.002, 10/10); evac W1 -11.47 +- 8.35 (p 0.020, 8/10)
    vs cascade/reh 0.2 drift +11.09 +- 0.99 (p 0.002, 0/10); steady +32.02 +- 1.89 (p 0.002, 0/10); in view +15.58 +- 1.28 (p 0.002, 0/10); worst -3.45 +- 1.92 (p 0.002, 10/10); evac W1 -2.63 +- 6.29 (p 0.432, 6/10)
    vs view_lod      drift -14.48 +- 2.27 (p 0.002, 10/10); steady -34.52 +- 4.41 (p 0.002, 10/10); in view -7.17 +- 3.22 (p 0.002, 10/10); worst -23.66 +- 3.72 (p 0.002, 10/10); evac W1 -23.93 +- 4.72 (p 0.002, 10/10)
    vs round_robin   drift -5.51 +- 1.50 (p 0.002, 10/10); steady -17.55 +- 2.77 (p 0.002, 10/10); in view -14.84 +- 1.72 (p 0.002, 10/10); worst -24.52 +- 3.00 (p 0.002, 10/10); evac W1 -21.88 +- 5.35 (p 0.002, 10/10)
    vs surrogate_only drift -182.00 +- 2.69 (p 0.002, 10/10); steady -285.77 +- 2.50 (p 0.002, 10/10); in view -183.11 +- 2.57 (p 0.002, 10/10); worst -71.88 +- 2.03 (p 0.002, 10/10); evac W1 -182.14 +- 10.10 (p 0.002, 10/10)
330 runs written to paper/data/museum_7b_fixed.csv (time series beside it)
fixed done
