  station cap          3.0    parity        worst  0.95x  drift   0.93  steady   0.67  overflow  0.00%  waits  1073.2  forced   0.0
  station cap          3.0    parity_nocap  worst  3.23x  drift   2.70  steady   0.90  overflow  3.99%  waits     0.0  forced   0.0
  station cap          3.0    cascade       worst  4.20x  drift   3.93  steady   1.30  overflow 10.53%  waits     0.0  forced   0.0
  station cap          5.0    parity        worst  0.97x  drift   1.18  steady   0.91  overflow  0.00%  waits   938.6  forced   0.0
  station cap          5.0    parity_nocap  worst  1.94x  drift   2.70  steady   0.90  overflow  2.67%  waits     0.0  forced   0.0
  station cap          5.0    cascade       worst  2.52x  drift   3.93  steady   1.30  overflow  5.92%  waits     0.0  forced   0.0
  station cap          7.5    parity        worst  0.81x  drift   1.38  steady   1.11  overflow  0.00%  waits   817.6  forced   0.0
  station cap          7.5    parity_nocap  worst  1.29x  drift   2.70  steady   0.90  overflow  2.17%  waits     0.0  forced   0.0
  station cap          7.5    cascade       worst  1.68x  drift   3.93  steady   1.30  overflow  4.12%  waits     0.0  forced   0.0
  station cap          10.0   parity        worst  0.98x  drift   2.73  steady   0.94  overflow  0.00%  waits     0.0  forced   0.0
  station cap          10.0   parity_nocap  worst  0.97x  drift   2.70  steady   0.90  overflow  0.00%  waits     0.0  forced   0.0
  station cap          10.0   cascade       worst  1.26x  drift   3.93  steady   1.30  overflow  0.25%  waits     0.0  forced   0.0
  station cap          20.0   parity        worst  0.48x  drift   2.71  steady   0.92  overflow  0.00%  waits     0.0  forced   0.0
  station cap          20.0   parity_nocap  worst  0.48x  drift   2.70  steady   0.90  overflow  0.00%  waits     0.0  forced   0.0
  station cap          20.0   cascade       worst  0.63x  drift   3.93  steady   1.30  overflow  0.00%  waits     0.0  forced   0.0
  station cap          40.0   parity        worst  0.24x  drift   2.70  steady   0.90  overflow  0.00%  waits     0.0  forced   0.0
  station cap          40.0   parity_nocap  worst  0.24x  drift   2.70  steady   0.90  overflow  0.00%  waits     0.0  forced   0.0
  station cap          40.0   cascade       worst  0.31x  drift   3.93  steady   1.30  overflow  0.00%  waits     0.0  forced   0.0
  station refit_every  10     parity        worst  0.99x  drift   2.18  steady   1.03  overflow  0.00%  waits     8.7  forced   0.0
  station refit_every  10     parity_nocap  worst  0.98x  drift   2.08  steady   1.00  overflow  0.00%  waits     0.0  forced   0.0
  station refit_every  10     cascade       worst  1.24x  drift   2.94  steady   1.44  overflow  0.16%  waits     0.0  forced   0.0
  station refit_every  20     parity        worst  0.99x  drift   2.69  steady   1.01  overflow  0.00%  waits     0.2  forced   0.0
  station refit_every  20     parity_nocap  worst  1.00x  drift   2.61  steady   0.95  overflow  0.01%  waits     0.0  forced   0.0
  station refit_every  20     cascade       worst  1.22x  drift   3.41  steady   1.39  overflow  0.20%  waits     0.0  forced   0.0
  station refit_every  40     parity        worst  0.98x  drift   2.73  steady   0.94  overflow  0.00%  waits     0.0  forced   0.0
  station refit_every  40     parity_nocap  worst  0.97x  drift   2.70  steady   0.90  overflow  0.00%  waits     0.0  forced   0.0
  station refit_every  40     cascade       worst  1.26x  drift   3.93  steady   1.30  overflow  0.25%  waits     0.0  forced   0.0
  station refit_every  80     parity        worst  0.97x  drift   2.96  steady   0.93  overflow  0.00%  waits     0.0  forced   0.0
  station refit_every  80     parity_nocap  worst  0.97x  drift   2.97  steady   0.95  overflow  0.00%  waits     0.0  forced   0.0
  station refit_every  80     cascade       worst  1.24x  drift   4.80  steady   1.22  overflow  0.27%  waits     0.0  forced   0.0
  station refit_every  160    parity        worst  0.96x  drift   6.01  steady   0.66  overflow  0.00%  waits     0.0  forced   0.0
  station refit_every  160    parity_nocap  worst  1.69x  drift   6.03  steady   0.67  overflow  0.04%  waits     0.0  forced   0.0
  station refit_every  160    cascade       worst  1.69x  drift   7.52  steady   0.98  overflow  0.31%  waits     0.0  forced   0.0
  station far_salience 0.1    parity        worst  0.98x  drift   2.80  steady   0.98  overflow  0.00%  waits     4.0  forced   0.0
  station far_salience 0.1    parity_nocap  worst  1.00x  drift   2.83  steady   0.95  overflow  0.00%  waits     0.0  forced   0.0
  station far_salience 0.1    cascade       worst  1.26x  drift   3.93  steady   1.30  overflow  0.25%  waits     0.0  forced   0.0
  station far_salience 0.25   parity        worst  0.98x  drift   2.73  steady   0.94  overflow  0.00%  waits     0.0  forced   0.0
  station far_salience 0.25   parity_nocap  worst  0.97x  drift   2.70  steady   0.90  overflow  0.00%  waits     0.0  forced   0.0
  station far_salience 0.25   cascade       worst  1.26x  drift   3.93  steady   1.30  overflow  0.25%  waits     0.0  forced   0.0
  station far_salience 0.5    parity        worst  0.96x  drift   2.72  steady   0.95  overflow  0.00%  waits     0.0  forced   0.0
  station far_salience 0.5    parity_nocap  worst  0.98x  drift   2.75  steady   0.95  overflow  0.00%  waits     0.0  forced   0.0
  station far_salience 0.5    cascade       worst  1.26x  drift   3.93  steady   1.30  overflow  0.25%  waits     0.0  forced   0.0
  station far_salience 1.0    parity        worst  0.98x  drift   2.71  steady   0.94  overflow  0.00%  waits     0.0  forced   0.0
  station far_salience 1.0    parity_nocap  worst  0.99x  drift   2.67  steady   0.89  overflow  0.00%  waits     0.0  forced   0.0
  station far_salience 1.0    cascade       worst  1.26x  drift   3.93  steady   1.30  overflow  0.25%  waits     0.0  forced   0.0
  station util         0.3    parity        worst  0.98x  drift   6.09  steady   1.77  overflow  0.00%  waits     7.4  forced   0.0
  station util         0.3    parity_nocap  worst  1.37x  drift   6.19  steady   1.54  overflow  0.27%  waits     0.0  forced   0.0
  station util         0.3    cascade       worst  1.87x  drift   9.24  steady   1.91  overflow  2.05%  waits     0.0  forced   0.0
  station util         0.6    parity        worst  0.98x  drift   3.79  steady   1.30  overflow  0.00%  waits     4.3  forced   0.0
  station util         0.6    parity_nocap  worst  1.03x  drift   3.75  steady   1.25  overflow  0.03%  waits     0.0  forced   0.0
  station util         0.6    cascade       worst  1.31x  drift   5.44  steady   1.70  overflow  0.46%  waits     0.0  forced   0.0
  station util         0.9    parity        worst  0.98x  drift   2.73  steady   0.94  overflow  0.00%  waits     0.0  forced   0.0
  station util         0.9    parity_nocap  worst  0.97x  drift   2.70  steady   0.90  overflow  0.00%  waits     0.0  forced   0.0
  station util         0.9    cascade       worst  1.26x  drift   3.93  steady   1.30  overflow  0.25%  waits     0.0  forced   0.0
  station util         1.2    parity        worst  0.97x  drift   3.09  steady   1.45  overflow  0.00%  waits    30.5  forced   0.0
  station util         1.2    parity_nocap  worst  1.14x  drift   2.83  steady   1.30  overflow  0.06%  waits     0.0  forced   0.0
  station util         1.2    cascade       worst  1.41x  drift   3.54  steady   1.49  overflow  0.13%  waits     0.0  forced   0.0
  museum  rehearse     0.0    parity        worst  3.47x  drift  30.85  steady  56.17  overflow  2.47%  waits    31.8  forced   6.2, evac W1 30 s
  museum  rehearse     0.1    parity        worst  3.26x  drift  32.77  steady  27.34  overflow  2.99%  waits    47.8  forced   9.4, evac W1 33 s
  museum  rehearse     0.2    parity        worst  2.00x  drift  24.65  steady  12.39  overflow  0.37%  waits    34.2  forced   6.7, evac W1 21 s
  museum  rehearse     0.3    parity        worst  1.49x  drift  23.65  steady   6.95  overflow  0.16%  waits    33.4  forced   6.5, evac W1 21 s
  museum  rehearse     0.5    parity        worst  1.18x  drift  21.78  steady   6.32  overflow  0.03%  waits    25.6  forced   5.0, evac W1 23 s
  museum  max_wait     0      parity        worst  1.20x  drift  19.31  steady   7.58  overflow  0.02%  waits     0.0  forced   2.6, evac W1 23 s
  museum  max_wait     2      parity        worst  2.61x  drift  24.57  steady  14.29  overflow  0.45%  waits    14.1  forced   7.0, evac W1 26 s
  museum  max_wait     5      parity        worst  2.00x  drift  24.65  steady  12.39  overflow  0.37%  waits    34.2  forced   6.7, evac W1 21 s
  museum  max_wait     15     parity        worst  1.43x  drift  23.57  steady  13.22  overflow  0.21%  waits    95.9  forced   6.0, evac W1 21 s
  museum  max_wait     60     parity        worst  1.41x  drift  22.71  steady  14.09  overflow  0.13%  waits   358.0  forced   5.0, evac W1 20 s
  museum  max_wait     None   parity        worst  0.76x  drift  12.82  steady   3.84  overflow  0.00%  waits  1537.9  forced   0.0, evac W1 166 s
340 runs written to paper/data/sensitivity.csv
