model latency median 694 ms -> budget 1.36 calls/s; cap 10.0 nats; 30 simulated minutes; seeds [0, 1, 2, 3, 4, 5, 6, 7, 8, 9]

N = 1000: 9.1 decisions/s needed for every decision to be the model's (15% servable);  reference boarded 253, missed 451
  policy           worst/cap  over-cap   drift/agent-h  steady  in view   model share  calls/s  waits/agent-h  forced  boarded   missed  coverage  overflow
  parity              1.00x     0.00%         13.63    5.79     34.36         0.34     1.36           0.4     0.0      132      175   100.0%    0.00%
  parity_nocap        2.87x     4.21%         13.76    6.03     33.83         0.35     1.35           0.0     0.0      135      165   100.0%    6.63%
  cascade             4.94x     3.94%         14.78    4.79     48.30         0.50     1.35           0.0     0.0      102      115   100.0%    6.80%
  view_lod            5.73x     5.90%         14.77    6.92     36.20         0.35     1.35           0.0     0.0      104      208   100.0%    8.52%
  round_robin         5.71x     3.57%         14.79    7.04     36.60         0.35     1.35           0.0     0.0      106      196   100.0%    5.82%
  over 10 seeds, mean +- 95% CI:  worst/cap | drift/agent-h | steady | in view | overflow % | boarded | missed
  parity            0.99 +- 0.01 |  13.63 +- 0.34 |   5.79 +- 0.40 |  34.36 +- 0.58 |   0.00 +- 0.00 | 132.00 +- 11.51 | 174.90 +- 19.74
  parity_nocap      2.46 +- 0.16 |  13.76 +- 0.31 |   6.03 +- 0.42 |  33.83 +- 0.60 |   6.63 +- 0.55 | 135.10 +- 7.72 | 164.80 +- 13.89
  cascade           3.45 +- 0.75 |  14.78 +- 1.03 |   4.79 +- 1.15 |  48.30 +- 1.15 |   6.80 +- 1.89 | 101.80 +- 11.09 | 114.80 +- 12.91
  view_lod          5.10 +- 0.41 |  14.77 +- 0.26 |   6.92 +- 0.28 |  36.20 +- 0.91 |   8.52 +- 0.26 | 104.30 +- 9.75 | 208.40 +- 17.10
  round_robin       4.28 +- 0.62 |  14.79 +- 0.54 |   7.04 +- 0.58 |  36.60 +- 1.00 |   5.82 +- 0.74 | 105.50 +- 10.61 | 196.20 +- 19.40
  parity minus each, paired (mean +- 95% CI, Wilcoxon p, seeds parity lower):
    vs parity_nocap  drift -0.13 +- 0.18 (p 0.193, 8/10); steady -0.24 +- 0.20 (p 0.020, 9/10); in view +0.53 +- 0.37 (p 0.020, 2/10); worst -14.72 +- 1.67 (p 0.002, 10/10)
    vs cascade       drift -1.15 +- 0.89 (p 0.020, 8/10); steady +1.00 +- 1.11 (p 0.084, 3/10); in view -13.94 +- 1.24 (p 0.002, 10/10); worst -24.67 +- 7.54 (p 0.002, 10/10)
    vs view_lod      drift -1.14 +- 0.41 (p 0.002, 10/10); steady -1.13 +- 0.46 (p 0.002, 10/10); in view -1.85 +- 0.74 (p 0.002, 10/10); worst -41.11 +- 4.12 (p 0.002, 10/10)
    vs round_robin   drift -1.16 +- 0.49 (p 0.004, 9/10); steady -1.24 +- 0.46 (p 0.004, 9/10); in view -2.24 +- 1.01 (p 0.002, 10/10); worst -32.91 +- 6.25 (p 0.002, 10/10)

N = 2000: 18.0 decisions/s needed for every decision to be the model's (8% servable);  reference boarded 481, missed 877
  policy           worst/cap  over-cap   drift/agent-h  steady  in view   model share  calls/s  waits/agent-h  forced  boarded   missed  coverage  overflow
  parity              1.00x     0.00%         14.44    5.85     37.60         0.15     1.53         272.2     0.0      146      405   100.0%    0.00%
  parity_nocap        4.61x     9.05%         16.06    7.22     41.77         0.22     1.35           0.0     0.0      217      237   100.0%   13.68%
  cascade             5.87x     6.07%         15.47    4.15     54.92         0.35     1.35           0.0     0.0      121      160   100.0%    9.08%
  view_lod            7.66x     7.63%         16.16    7.60     41.53         0.21     1.35           0.0     0.0      163      326   100.0%   11.55%
  round_robin         5.58x     6.22%         15.92    7.46     41.19         0.21     1.35           0.0     0.0      167      333   100.0%    9.75%
  over 10 seeds, mean +- 95% CI:  worst/cap | drift/agent-h | steady | in view | overflow % | boarded | missed
  parity            1.00 +- 0.00 |  14.44 +- 0.38 |   5.85 +- 0.48 |  37.60 +- 0.66 |   0.00 +- 0.00 | 145.60 +- 21.45 | 405.30 +- 21.68
  parity_nocap      3.94 +- 0.34 |  16.06 +- 0.60 |   7.22 +- 0.71 |  41.77 +- 0.62 |  13.68 +- 1.00 | 217.20 +- 24.62 | 236.60 +- 14.19
  cascade           4.55 +- 0.53 |  15.47 +- 0.57 |   4.15 +- 0.62 |  54.92 +- 2.15 |   9.08 +- 1.43 | 120.60 +- 26.08 | 159.90 +- 43.89
  view_lod          6.32 +- 0.44 |  16.16 +- 0.73 |   7.60 +- 0.76 |  41.53 +- 0.85 |  11.55 +- 0.83 | 163.30 +- 19.03 | 326.00 +- 24.41
  round_robin       4.89 +- 0.29 |  15.92 +- 0.79 |   7.46 +- 0.79 |  41.19 +- 1.30 |   9.75 +- 0.95 | 166.80 +- 22.68 | 332.90 +- 20.80
  parity minus each, paired (mean +- 95% CI, Wilcoxon p, seeds parity lower):
    vs parity_nocap  drift -1.62 +- 0.32 (p 0.002, 10/10); steady -1.36 +- 0.41 (p 0.002, 10/10); in view -4.17 +- 0.62 (p 0.002, 10/10); worst -29.44 +- 3.36 (p 0.002, 10/10)
    vs cascade       drift -1.03 +- 0.50 (p 0.002, 10/10); steady +1.70 +- 0.54 (p 0.002, 0/10); in view -17.32 +- 1.97 (p 0.002, 10/10); worst -35.48 +- 5.33 (p 0.002, 10/10)
    vs view_lod      drift -1.72 +- 0.42 (p 0.002, 10/10); steady -1.74 +- 0.40 (p 0.002, 10/10); in view -3.93 +- 0.48 (p 0.002, 10/10); worst -53.25 +- 4.42 (p 0.002, 10/10)
    vs round_robin   drift -1.48 +- 0.50 (p 0.002, 10/10); steady -1.60 +- 0.45 (p 0.002, 10/10); in view -3.59 +- 0.95 (p 0.002, 10/10); worst -38.92 +- 2.92 (p 0.002, 10/10)
100 runs written to paper/data/station_marginal.csv (time series beside it)
