model latency median 4154 ms -> budget 0.23 calls/s; cap 10.0 nats; 30 simulated minutes; seeds [0, 1, 2, 3, 4, 5, 6, 7, 8, 9]

N = 300: 2.8 decisions/s needed for every decision to be the model's (8% servable);  reference boarded 154, missed 109
  policy           worst/cap  over-cap   drift/agent-h  steady  in view   model share  calls/s  waits/agent-h  forced  boarded   missed  coverage  overflow
  parity              1.00x     0.00%          8.02    2.86     19.51         0.05     0.30         277.3     0.0      141      107   100.0%    0.00%
  parity_nocap        2.35x     0.71%          8.07    2.32     18.92         0.09     0.23           0.0     0.0      148       94   100.0%    1.17%
  cascade             2.70x     2.20%          9.88    3.16     22.03         0.10     0.23           0.0     0.0      150       79   100.0%    2.43%
  view_lod            3.74x     2.39%          9.65    3.66     21.09         0.10     0.23           0.0     0.0      150       88   100.0%    2.72%
  round_robin         4.29x     1.63%          9.50    3.66     21.00         0.10     0.23           0.0     0.0      151       90   100.0%    2.20%
  surrogate_only      7.34x    16.06%         25.13   18.22     52.08         0.00     0.00           0.0     0.0      168       30   100.0%   23.26%
  over 10 seeds, mean +- 95% CI:  worst/cap | drift/agent-h | steady | in view | overflow % | boarded | missed
  parity            0.99 +- 0.01 |   8.02 +- 0.46 |   2.86 +- 0.64 |  19.51 +- 1.26 |   0.00 +- 0.00 | 140.70 +- 11.91 | 106.80 +- 9.69
  parity_nocap      1.62 +- 0.29 |   8.07 +- 0.29 |   2.32 +- 0.37 |  18.92 +- 1.09 |   1.17 +- 0.32 | 147.70 +- 6.74 |  94.10 +- 9.53
  cascade           2.04 +- 0.28 |   9.88 +- 0.58 |   3.16 +- 0.26 |  22.03 +- 1.04 |   2.43 +- 0.88 | 150.20 +- 7.66 |  78.70 +- 8.79
  view_lod          2.68 +- 0.39 |   9.65 +- 0.23 |   3.66 +- 0.29 |  21.09 +- 0.91 |   2.72 +- 0.41 | 149.80 +- 7.62 |  87.70 +- 8.61
  round_robin       2.25 +- 0.57 |   9.50 +- 0.24 |   3.66 +- 0.39 |  21.00 +- 0.71 |   2.20 +- 0.37 | 150.90 +- 7.94 |  90.10 +- 6.62
  surrogate_only    5.19 +- 0.88 |  25.13 +- 0.99 |  18.22 +- 0.82 |  52.08 +- 1.67 |  23.26 +- 2.00 | 167.60 +- 8.44 |  29.70 +- 2.82
  parity minus each, paired (mean +- 95% CI, Wilcoxon p, seeds parity lower):
    vs parity_nocap  drift -0.05 +- 0.42 (p 0.770, 5/10); steady +0.53 +- 0.47 (p 0.014, 1/10); in view +0.59 +- 1.36 (p 0.432, 4/10); worst -6.31 +- 2.84 (p 0.002, 10/10)
    vs cascade       drift -1.85 +- 0.65 (p 0.004, 9/10); steady -0.30 +- 0.62 (p 0.275, 8/10); in view -2.52 +- 1.54 (p 0.014, 9/10); worst -10.52 +- 2.84 (p 0.002, 10/10)
    vs view_lod      drift -1.62 +- 0.48 (p 0.002, 10/10); steady -0.80 +- 0.64 (p 0.020, 8/10); in view -1.58 +- 1.25 (p 0.064, 9/10); worst -16.90 +- 3.94 (p 0.002, 10/10)
    vs round_robin   drift -1.47 +- 0.61 (p 0.002, 10/10); steady -0.81 +- 0.64 (p 0.027, 8/10); in view -1.49 +- 1.35 (p 0.049, 9/10); worst -12.63 +- 5.73 (p 0.002, 10/10)
    vs surrogate_only drift -17.10 +- 1.10 (p 0.002, 10/10); steady -15.37 +- 0.92 (p 0.002, 10/10); in view -32.57 +- 2.24 (p 0.002, 10/10); worst -41.98 +- 8.80 (p 0.002, 10/10)

N = 1000: 9.9 decisions/s needed for every decision to be the model's (2% servable);  reference boarded 449, missed 411
  policy           worst/cap  over-cap   drift/agent-h  steady  in view   model share  calls/s  waits/agent-h  forced  boarded   missed  coverage  overflow
  parity              1.00x     0.00%          8.38    1.99     22.88         0.01     0.54         641.7     0.0      376      294   100.0%    0.00%
  parity_nocap        2.94x     1.17%          9.15    2.30     24.39         0.03     0.23           0.0     0.0      466      204   100.0%    1.49%
  cascade             3.56x     3.77%         12.26    3.65     30.44         0.04     0.23           0.0     0.0      466      138   100.0%    3.88%
  view_lod            4.11x     2.41%         10.03    3.10     25.52         0.03     0.23           0.0     0.0      468      192   100.0%    2.90%
  round_robin         4.23x     2.44%         10.19    3.25     25.87         0.04     0.23           0.0     0.0      474      185   100.0%    2.96%
  surrogate_only      8.35x    11.76%         21.55   13.57     50.62         0.00     0.00           0.0     0.0      507       33   100.0%   15.65%
  over 10 seeds, mean +- 95% CI:  worst/cap | drift/agent-h | steady | in view | overflow % | boarded | missed
  parity            0.99 +- 0.01 |   8.38 +- 0.29 |   1.99 +- 0.22 |  22.88 +- 0.81 |   0.00 +- 0.00 | 375.70 +- 22.35 | 294.50 +- 23.27
  parity_nocap      1.91 +- 0.28 |   9.15 +- 0.30 |   2.30 +- 0.12 |  24.39 +- 0.86 |   1.49 +- 0.21 | 465.90 +- 15.05 | 203.60 +- 10.64
  cascade           2.49 +- 0.42 |  12.26 +- 0.85 |   3.65 +- 0.27 |  30.44 +- 1.07 |   3.88 +- 1.51 | 466.50 +- 17.93 | 138.40 +- 12.78
  view_lod          2.64 +- 0.48 |  10.03 +- 0.39 |   3.10 +- 0.28 |  25.52 +- 0.85 |   2.90 +- 0.46 | 467.70 +- 15.51 | 191.90 +- 16.44
  round_robin       2.92 +- 0.43 |  10.19 +- 0.38 |   3.25 +- 0.23 |  25.87 +- 1.07 |   2.96 +- 0.50 | 474.00 +- 18.75 | 184.70 +- 17.63
  surrogate_only    5.04 +- 1.11 |  21.55 +- 0.49 |  13.57 +- 0.54 |  50.62 +- 1.21 |  15.65 +- 0.82 | 506.80 +- 18.78 |  33.10 +- 5.07
  parity minus each, paired (mean +- 95% CI, Wilcoxon p, seeds parity lower):
    vs parity_nocap  drift -0.77 +- 0.25 (p 0.002, 10/10); steady -0.31 +- 0.27 (p 0.027, 8/10); in view -1.51 +- 0.50 (p 0.002, 10/10); worst -9.20 +- 2.85 (p 0.002, 10/10)
    vs cascade       drift -3.88 +- 0.81 (p 0.002, 10/10); steady -1.67 +- 0.37 (p 0.002, 10/10); in view -7.56 +- 0.89 (p 0.002, 10/10); worst -14.97 +- 4.22 (p 0.002, 10/10)
    vs view_lod      drift -1.66 +- 0.36 (p 0.002, 10/10); steady -1.12 +- 0.37 (p 0.002, 10/10); in view -2.64 +- 0.66 (p 0.002, 10/10); worst -16.42 +- 4.80 (p 0.002, 10/10)
    vs round_robin   drift -1.81 +- 0.31 (p 0.002, 10/10); steady -1.27 +- 0.29 (p 0.002, 10/10); in view -2.99 +- 0.63 (p 0.002, 10/10); worst -19.29 +- 4.28 (p 0.002, 10/10)
    vs surrogate_only drift -13.17 +- 0.56 (p 0.002, 10/10); steady -11.59 +- 0.60 (p 0.002, 10/10); in view -27.74 +- 1.22 (p 0.002, 10/10); worst -40.45 +- 11.06 (p 0.002, 10/10)

N = 2000: 20.0 decisions/s needed for every decision to be the model's (1% servable);  reference boarded 853, missed 857
  policy           worst/cap  over-cap   drift/agent-h  steady  in view   model share  calls/s  waits/agent-h  forced  boarded   missed  coverage  overflow
  parity              1.00x     0.00%          7.91    1.61     22.62         0.00     1.01         726.9     0.0      680      594   100.0%    0.00%
  parity_nocap        2.45x     1.46%          9.24    2.33     25.24         0.01     0.23           0.0     0.0      894      375   100.0%    1.70%
  cascade             5.02x     4.69%         12.72    4.33     33.89         0.02     0.23           0.0     0.0      906      221   100.0%    4.76%
  view_lod            4.79x     2.90%         10.20    3.13     26.47         0.02     0.23           0.0     0.0      887      352   100.0%    3.29%
  round_robin         4.47x     2.68%          9.92    2.93     26.24         0.02     0.23           0.0     0.0      885      350   100.0%    2.95%
  surrogate_only      9.94x    11.25%         21.23   13.15     50.11         0.00     0.00           0.0     0.0      965       38   100.0%   14.37%
  over 10 seeds, mean +- 95% CI:  worst/cap | drift/agent-h | steady | in view | overflow % | boarded | missed
  parity            1.00 +- 0.01 |   7.91 +- 0.25 |   1.61 +- 0.11 |  22.62 +- 0.91 |   0.00 +- 0.00 | 679.50 +- 60.12 | 593.80 +- 47.55
  parity_nocap      2.08 +- 0.16 |   9.24 +- 0.20 |   2.33 +- 0.10 |  25.24 +- 0.66 |   1.70 +- 0.22 | 894.50 +- 29.07 | 374.90 +- 21.40
  cascade           3.00 +- 0.54 |  12.72 +- 1.27 |   4.33 +- 1.08 |  33.89 +- 2.53 |   4.76 +- 2.58 | 905.60 +- 33.62 | 220.90 +- 30.74
  view_lod          3.43 +- 0.57 |  10.20 +- 0.46 |   3.13 +- 0.47 |  26.47 +- 0.85 |   3.29 +- 0.65 | 886.90 +- 38.57 | 352.40 +- 28.76
  round_robin       3.36 +- 0.52 |   9.92 +- 0.38 |   2.93 +- 0.37 |  26.24 +- 0.91 |   2.95 +- 0.51 | 885.30 +- 34.93 | 349.80 +- 34.51
  surrogate_only    6.58 +- 1.28 |  21.23 +- 0.28 |  13.15 +- 0.24 |  50.11 +- 0.90 |  14.37 +- 0.75 | 965.00 +- 31.68 |  37.90 +- 6.97
  parity minus each, paired (mean +- 95% CI, Wilcoxon p, seeds parity lower):
    vs parity_nocap  drift -1.33 +- 0.17 (p 0.002, 10/10); steady -0.73 +- 0.16 (p 0.002, 10/10); in view -2.62 +- 0.61 (p 0.002, 10/10); worst -10.81 +- 1.64 (p 0.002, 10/10)
    vs cascade       drift -4.81 +- 1.17 (p 0.002, 10/10); steady -2.73 +- 1.06 (p 0.002, 10/10); in view -11.26 +- 2.31 (p 0.002, 10/10); worst -20.04 +- 5.41 (p 0.002, 10/10)
    vs view_lod      drift -2.29 +- 0.50 (p 0.002, 10/10); steady -1.52 +- 0.52 (p 0.002, 10/10); in view -3.85 +- 0.68 (p 0.002, 10/10); worst -24.34 +- 5.73 (p 0.002, 10/10)
    vs round_robin   drift -2.01 +- 0.52 (p 0.002, 10/10); steady -1.33 +- 0.45 (p 0.002, 10/10); in view -3.62 +- 1.31 (p 0.002, 10/10); worst -23.66 +- 5.17 (p 0.002, 10/10)
    vs surrogate_only drift -13.32 +- 0.26 (p 0.002, 10/10); steady -11.54 +- 0.29 (p 0.002, 10/10); in view -27.48 +- 0.45 (p 0.002, 10/10); worst -55.83 +- 12.77 (p 0.002, 10/10)
180 runs written to paper/data/station_14b.csv (time series beside it)
