model latency median 694 ms -> budget 1.36 calls/s; cap 10.0 nats; 30 simulated minutes; seeds [0, 1, 2, 3, 4, 5, 6, 7, 8, 9]

N = 300: 2.8 decisions/s needed for every decision to be the model's (48% servable);  reference boarded 94, missed 147
  policy           worst/cap  over-cap   drift/agent-h  steady  in view   model share  calls/s  waits/agent-h  forced  boarded   missed  coverage  overflow
  parity              0.94x     0.00%          1.48    0.59      3.29         0.48     1.36           0.0     0.0       92      146   100.0%    0.00%
  parity_nocap        0.94x     0.00%          1.44    0.54      3.24         0.48     1.35           0.0     0.0       90      146   100.0%    0.00%
  cascade             0.97x     0.00%          1.60    0.53      3.83         0.49     1.35           0.0     0.0       84      148   100.0%    0.00%
  view_lod            1.32x     0.08%          2.52    1.44      4.57         0.50     1.35           0.0     0.0       87      147   100.0%    0.16%
  round_robin         1.90x     0.07%          2.61    1.55      4.72         0.49     1.35           0.0     0.0       91      148   100.0%    0.09%
  surrogate_only      6.48x    12.03%         17.81    7.17     59.18         0.00     0.00           0.0     0.0       25       26   100.0%   21.05%
  over 10 seeds, mean +- 95% CI:  worst/cap | drift/agent-h | steady | in view | overflow % | boarded | missed
  parity            0.91 +- 0.01 |   1.48 +- 0.08 |   0.59 +- 0.06 |   3.29 +- 0.23 |   0.00 +- 0.00 |  91.50 +- 11.19 | 146.40 +- 6.06
  parity_nocap      0.91 +- 0.01 |   1.44 +- 0.07 |   0.54 +- 0.04 |   3.24 +- 0.24 |   0.00 +- 0.00 |  89.50 +- 9.32 | 146.40 +- 6.68
  cascade           0.93 +- 0.02 |   1.60 +- 0.10 |   0.53 +- 0.06 |   3.83 +- 0.38 |   0.00 +- 0.00 |  83.70 +- 7.51 | 147.70 +- 6.00
  view_lod          1.12 +- 0.06 |   2.52 +- 0.12 |   1.44 +- 0.14 |   4.57 +- 0.23 |   0.16 +- 0.06 |  86.70 +- 7.81 | 147.40 +- 9.29
  round_robin       1.15 +- 0.20 |   2.61 +- 0.13 |   1.55 +- 0.10 |   4.72 +- 0.24 |   0.09 +- 0.04 |  90.60 +- 7.93 | 148.40 +- 6.00
  surrogate_only    4.31 +- 0.86 |  17.81 +- 0.82 |   7.17 +- 0.91 |  59.18 +- 1.67 |  21.05 +- 1.88 |  25.30 +- 9.77 |  26.10 +- 2.69
  parity minus each, paired (mean +- 95% CI, Wilcoxon p, seeds parity lower):
    vs parity_nocap  drift +0.05 +- 0.03 (p 0.002, 0/10); steady +0.05 +- 0.04 (p 0.004, 1/10); in view +0.05 +- 0.05 (p 0.037, 3/10); worst -0.01 +- 0.06 (p 0.844, 4/10)
    vs cascade       drift -0.12 +- 0.13 (p 0.064, 8/10); steady +0.06 +- 0.08 (p 0.105, 2/10); in view -0.54 +- 0.46 (p 0.049, 7/10); worst -0.14 +- 0.18 (p 0.084, 7/10)
    vs view_lod      drift -1.04 +- 0.09 (p 0.002, 10/10); steady -0.85 +- 0.12 (p 0.002, 10/10); in view -1.28 +- 0.20 (p 0.002, 10/10); worst -2.06 +- 0.63 (p 0.002, 10/10)
    vs round_robin   drift -1.12 +- 0.12 (p 0.002, 10/10); steady -0.96 +- 0.10 (p 0.002, 10/10); in view -1.43 +- 0.33 (p 0.002, 10/10); worst -2.33 +- 1.99 (p 0.002, 10/10)
    vs surrogate_only drift -16.32 +- 0.87 (p 0.002, 10/10); steady -6.58 +- 0.94 (p 0.002, 10/10); in view -55.90 +- 1.74 (p 0.002, 10/10); worst -33.95 +- 8.52 (p 0.002, 10/10)

N = 1000: 9.1 decisions/s needed for every decision to be the model's (15% servable);  reference boarded 253, missed 451
  policy           worst/cap  over-cap   drift/agent-h  steady  in view   model share  calls/s  waits/agent-h  forced  boarded   missed  coverage  overflow
  parity              0.98x     0.00%          2.69    0.96      6.33         0.16     1.36           0.8     0.0      241      393   100.0%    0.00%
  parity_nocap        1.00x     0.00%          2.65    0.92      6.27         0.16     1.35           0.0     0.0      241      394   100.0%    0.00%
  cascade             1.26x     0.10%          3.78    1.30      9.60         0.18     1.35           0.0     0.0      238      330   100.0%    0.24%
  view_lod            1.54x     0.14%          3.74    1.87      7.48         0.16     1.35           0.0     0.0      244      391   100.0%    0.28%
  round_robin         1.81x     0.13%          3.82    1.97      7.66         0.17     1.35           0.0     0.0      241      392   100.0%    0.22%
  surrogate_only      6.98x     8.51%         15.51    4.24     57.53         0.00     0.00           0.0     0.0       70       30   100.0%   12.85%
  over 10 seeds, mean +- 95% CI:  worst/cap | drift/agent-h | steady | in view | overflow % | boarded | missed
  parity            0.96 +- 0.01 |   2.69 +- 0.15 |   0.96 +- 0.04 |   6.33 +- 0.49 |   0.00 +- 0.00 | 240.70 +- 15.50 | 393.40 +- 13.56
  parity_nocap      0.96 +- 0.01 |   2.65 +- 0.12 |   0.92 +- 0.05 |   6.27 +- 0.46 |   0.00 +- 0.00 | 241.00 +- 15.81 | 394.00 +- 11.89
  cascade           1.18 +- 0.05 |   3.78 +- 0.35 |   1.30 +- 0.10 |   9.60 +- 1.38 |   0.24 +- 0.08 | 238.00 +- 14.09 | 330.10 +- 19.98
  view_lod          1.25 +- 0.11 |   3.74 +- 0.17 |   1.87 +- 0.08 |   7.48 +- 0.48 |   0.28 +- 0.12 | 244.40 +- 20.50 | 391.30 +- 10.18
  round_robin       1.35 +- 0.18 |   3.82 +- 0.08 |   1.97 +- 0.14 |   7.66 +- 0.50 |   0.22 +- 0.08 | 240.70 +- 8.24 | 392.30 +- 16.60
  surrogate_only    4.36 +- 0.77 |  15.51 +- 0.43 |   4.24 +- 0.61 |  57.53 +- 1.71 |  12.85 +- 0.76 |  69.80 +- 27.00 |  29.50 +- 3.43
  parity minus each, paired (mean +- 95% CI, Wilcoxon p, seeds parity lower):
    vs parity_nocap  drift +0.04 +- 0.06 (p 0.160, 4/10); steady +0.05 +- 0.05 (p 0.010, 2/10); in view +0.07 +- 0.07 (p 0.064, 2/10); worst +0.02 +- 0.16 (p 0.695, 4/10)
    vs cascade       drift -1.09 +- 0.24 (p 0.002, 10/10); steady -0.33 +- 0.10 (p 0.002, 10/10); in view -3.26 +- 0.95 (p 0.002, 10/10); worst -2.19 +- 0.50 (p 0.002, 10/10)
    vs view_lod      drift -1.05 +- 0.14 (p 0.002, 10/10); steady -0.91 +- 0.10 (p 0.002, 10/10); in view -1.15 +- 0.29 (p 0.002, 10/10); worst -2.82 +- 1.11 (p 0.002, 10/10)
    vs round_robin   drift -1.13 +- 0.17 (p 0.002, 10/10); steady -1.01 +- 0.13 (p 0.002, 10/10); in view -1.33 +- 0.24 (p 0.002, 10/10); worst -3.85 +- 1.80 (p 0.002, 10/10)
    vs surrogate_only drift -12.82 +- 0.40 (p 0.002, 10/10); steady -3.28 +- 0.60 (p 0.002, 10/10); in view -51.20 +- 1.50 (p 0.002, 10/10); worst -34.02 +- 7.69 (p 0.002, 10/10)

N = 2000: 18.0 decisions/s needed for every decision to be the model's (8% servable);  reference boarded 481, missed 877
  policy           worst/cap  over-cap   drift/agent-h  steady  in view   model share  calls/s  waits/agent-h  forced  boarded   missed  coverage  overflow
  parity              0.98x     0.00%          3.49    1.60      7.67         0.05     1.45         112.2     0.0      458      775   100.0%    0.00%
  parity_nocap        1.02x     0.00%          3.06    1.11      7.23         0.08     1.35           0.0     0.0      451      749   100.0%    0.01%
  cascade             1.79x     0.22%          5.12    1.97     12.87         0.09     1.35           0.0     0.0      457      603   100.0%    0.51%
  view_lod            1.95x     0.19%          4.06    1.99      8.41         0.08     1.35           0.0     0.0      445      750   100.0%    0.32%
  round_robin         2.26x     0.20%          4.03    1.96      8.44         0.08     1.35           0.0     0.0      463      746   100.0%    0.26%
  surrogate_only      5.95x     7.91%         14.87    3.35     57.10         0.00     0.00           0.0     0.0      111       34   100.0%   11.28%
  over 10 seeds, mean +- 95% CI:  worst/cap | drift/agent-h | steady | in view | overflow % | boarded | missed
  parity            0.97 +- 0.01 |   3.49 +- 0.19 |   1.60 +- 0.14 |   7.67 +- 0.45 |   0.00 +- 0.00 | 458.10 +- 38.31 | 775.30 +- 24.06
  parity_nocap      0.98 +- 0.02 |   3.06 +- 0.12 |   1.11 +- 0.06 |   7.23 +- 0.32 |   0.01 +- 0.01 | 450.70 +- 34.14 | 748.70 +- 17.08
  cascade           1.44 +- 0.14 |   5.12 +- 0.29 |   1.97 +- 0.15 |  12.87 +- 1.11 |   0.51 +- 0.12 | 456.90 +- 29.59 | 602.80 +- 19.80
  view_lod          1.53 +- 0.17 |   4.06 +- 0.15 |   1.99 +- 0.12 |   8.41 +- 0.32 |   0.32 +- 0.13 | 445.10 +- 38.15 | 749.60 +- 16.12
  round_robin       1.63 +- 0.25 |   4.03 +- 0.08 |   1.96 +- 0.06 |   8.44 +- 0.26 |   0.26 +- 0.06 | 463.20 +- 38.24 | 745.90 +- 23.42
  surrogate_only    4.52 +- 0.56 |  14.87 +- 0.30 |   3.35 +- 0.58 |  57.10 +- 1.30 |  11.28 +- 1.09 | 110.70 +- 44.79 |  34.00 +- 9.88
  parity minus each, paired (mean +- 95% CI, Wilcoxon p, seeds parity lower):
    vs parity_nocap  drift +0.43 +- 0.11 (p 0.002, 0/10); steady +0.49 +- 0.11 (p 0.002, 0/10); in view +0.43 +- 0.17 (p 0.002, 0/10); worst -0.11 +- 0.22 (p 0.275, 7/10)
    vs cascade       drift -1.63 +- 0.29 (p 0.002, 10/10); steady -0.38 +- 0.20 (p 0.004, 9/10); in view -5.21 +- 0.99 (p 0.002, 10/10); worst -4.77 +- 1.43 (p 0.002, 10/10)
    vs view_lod      drift -0.58 +- 0.19 (p 0.002, 10/10); steady -0.39 +- 0.20 (p 0.004, 9/10); in view -0.74 +- 0.36 (p 0.006, 9/10); worst -5.60 +- 1.77 (p 0.002, 10/10)
    vs round_robin   drift -0.54 +- 0.15 (p 0.002, 10/10); steady -0.36 +- 0.14 (p 0.004, 9/10); in view -0.77 +- 0.28 (p 0.002, 10/10); worst -6.68 +- 2.49 (p 0.002, 10/10)
    vs surrogate_only drift -11.38 +- 0.45 (p 0.002, 10/10); steady -1.75 +- 0.66 (p 0.002, 10/10); in view -49.44 +- 1.01 (p 0.002, 10/10); worst -35.50 +- 5.57 (p 0.002, 10/10)
180 runs written to paper/data/station_7b.csv (time series beside it)
